Archive member included because of file (symbol)

/home/marcelle/pebble-dev/PebbleSDK-2.4.1/Pebble/lib/libpebble.a(tmpO4BPkUpebble.o)
                              src/strap/accl.c.7.o (accel_service_set_sampling_rate)
/home/marcelle/pebble-dev/PebbleSDK-2.4.1/arm-cs-tools/bin/../lib/gcc/arm-none-eabi/4.7.2/thumb2/libgcc.a(_arm_addsubsf3.o)
                              src/main.c.7.o (__aeabi_fsub)
/home/marcelle/pebble-dev/PebbleSDK-2.4.1/arm-cs-tools/bin/../lib/gcc/arm-none-eabi/4.7.2/thumb2/libgcc.a(_arm_muldivsf3.o)
                              src/main.c.7.o (__aeabi_fmul)
/home/marcelle/pebble-dev/PebbleSDK-2.4.1/arm-cs-tools/bin/../lib/gcc/arm-none-eabi/4.7.2/thumb2/libgcc.a(_arm_fixsfsi.o)
                              src/main.c.7.o (__aeabi_f2iz)

Allocating common symbols
Common symbol       size              file

timer               0x4               src/strap/accl.c.7.o
acc_data            0x4               src/strap/accl.c.7.o
acc_time            0x4               src/strap/accl.c.7.o

Discarded input sections

 .text          0x0000000000000000        0x0 /home/marcelle/pebble-dev/PebbleSDK-2.4.1/arm-cs-tools/bin/../lib/gcc/arm-none-eabi/4.7.2/thumb2/crti.o
 .bss           0x0000000000000000        0x0 /home/marcelle/pebble-dev/PebbleSDK-2.4.1/arm-cs-tools/bin/../lib/gcc/arm-none-eabi/4.7.2/thumb2/crti.o
 .init          0x0000000000000000        0x4 /home/marcelle/pebble-dev/PebbleSDK-2.4.1/arm-cs-tools/bin/../lib/gcc/arm-none-eabi/4.7.2/thumb2/crti.o
 .fini          0x0000000000000000        0x4 /home/marcelle/pebble-dev/PebbleSDK-2.4.1/arm-cs-tools/bin/../lib/gcc/arm-none-eabi/4.7.2/thumb2/crti.o
 .text          0x0000000000000000       0xc8 /home/marcelle/pebble-dev/PebbleSDK-2.4.1/arm-cs-tools/bin/../lib/gcc/arm-none-eabi/4.7.2/thumb2/crtbegin.o
 .bss           0x0000000000000000       0x1c /home/marcelle/pebble-dev/PebbleSDK-2.4.1/arm-cs-tools/bin/../lib/gcc/arm-none-eabi/4.7.2/thumb2/crtbegin.o
 .init_array    0x0000000000000000        0x4 /home/marcelle/pebble-dev/PebbleSDK-2.4.1/arm-cs-tools/bin/../lib/gcc/arm-none-eabi/4.7.2/thumb2/crtbegin.o
 .fini_array    0x0000000000000000        0x4 /home/marcelle/pebble-dev/PebbleSDK-2.4.1/arm-cs-tools/bin/../lib/gcc/arm-none-eabi/4.7.2/thumb2/crtbegin.o
 .eh_frame      0x0000000000000000        0x0 /home/marcelle/pebble-dev/PebbleSDK-2.4.1/arm-cs-tools/bin/../lib/gcc/arm-none-eabi/4.7.2/thumb2/crtbegin.o
 .jcr           0x0000000000000000        0x0 /home/marcelle/pebble-dev/PebbleSDK-2.4.1/arm-cs-tools/bin/../lib/gcc/arm-none-eabi/4.7.2/thumb2/crtbegin.o
 .tm_clone_table
                0x0000000000000000        0x0 /home/marcelle/pebble-dev/PebbleSDK-2.4.1/arm-cs-tools/bin/../lib/gcc/arm-none-eabi/4.7.2/thumb2/crtbegin.o
 .text          0x0000000000000000        0x0 src/main.c.7.o
 .bss           0x0000000000000000        0x0 src/main.c.7.o
 .text          0x0000000000000000        0x0 src/strap/accl.c.7.o
 .bss           0x0000000000000000        0x0 src/strap/accl.c.7.o
 .data.rel.local.xyz_str
                0x0000000000000000        0x4 src/strap/accl.c.7.o
 .data.num_samples
                0x0000000000000000        0x1 src/strap/accl.c.7.o
 .text          0x0000000000000000        0x0 src/strap/strap.c.7.o
 .bss           0x0000000000000000        0x0 src/strap/strap.c.7.o
 .text.strap_set_freq
                0x0000000000000000        0xc src/strap/strap.c.7.o
 .text          0x0000000000000000        0x0 appinfo.auto.c.7.o
 .bss           0x0000000000000000        0x0 appinfo.auto.c.7.o
 .bss           0x0000000000000000        0x0 /home/marcelle/pebble-dev/PebbleSDK-2.4.1/Pebble/lib/libpebble.a(tmpO4BPkUpebble.o)
 .text.accel_data_service_subscribe__deprecated
                0x0000000000000000        0xc /home/marcelle/pebble-dev/PebbleSDK-2.4.1/Pebble/lib/libpebble.a(tmpO4BPkUpebble.o)
 .text.accel_data_service_unsubscribe
                0x0000000000000000        0xc /home/marcelle/pebble-dev/PebbleSDK-2.4.1/Pebble/lib/libpebble.a(tmpO4BPkUpebble.o)
 .text.accel_service_peek
                0x0000000000000000        0xc /home/marcelle/pebble-dev/PebbleSDK-2.4.1/Pebble/lib/libpebble.a(tmpO4BPkUpebble.o)
 .text.accel_service_set_samples_per_update
                0x0000000000000000        0xc /home/marcelle/pebble-dev/PebbleSDK-2.4.1/Pebble/lib/libpebble.a(tmpO4BPkUpebble.o)
 .text.accel_tap_service_subscribe
                0x0000000000000000        0xc /home/marcelle/pebble-dev/PebbleSDK-2.4.1/Pebble/lib/libpebble.a(tmpO4BPkUpebble.o)
 .text.accel_tap_service_unsubscribe
                0x0000000000000000        0xc /home/marcelle/pebble-dev/PebbleSDK-2.4.1/Pebble/lib/libpebble.a(tmpO4BPkUpebble.o)
 .text.action_bar_layer_add_to_window
                0x0000000000000000        0xc /home/marcelle/pebble-dev/PebbleSDK-2.4.1/Pebble/lib/libpebble.a(tmpO4BPkUpebble.o)
 .text.action_bar_layer_clear_icon
                0x0000000000000000        0xc /home/marcelle/pebble-dev/PebbleSDK-2.4.1/Pebble/lib/libpebble.a(tmpO4BPkUpebble.o)
 .text.action_bar_layer_create
                0x0000000000000000        0xc /home/marcelle/pebble-dev/PebbleSDK-2.4.1/Pebble/lib/libpebble.a(tmpO4BPkUpebble.o)
 .text.action_bar_layer_destroy
                0x0000000000000000        0xc /home/marcelle/pebble-dev/PebbleSDK-2.4.1/Pebble/lib/libpebble.a(tmpO4BPkUpebble.o)
 .text.action_bar_layer_get_layer
                0x0000000000000000        0xc /home/marcelle/pebble-dev/PebbleSDK-2.4.1/Pebble/lib/libpebble.a(tmpO4BPkUpebble.o)
 .text.action_bar_layer_remove_from_window
                0x0000000000000000        0xc /home/marcelle/pebble-dev/PebbleSDK-2.4.1/Pebble/lib/libpebble.a(tmpO4BPkUpebble.o)
 .text.action_bar_layer_set_background_color
                0x0000000000000000        0xc /home/marcelle/pebble-dev/PebbleSDK-2.4.1/Pebble/lib/libpebble.a(tmpO4BPkUpebble.o)
 .text.action_bar_layer_set_click_config_provider
                0x0000000000000000        0xc /home/marcelle/pebble-dev/PebbleSDK-2.4.1/Pebble/lib/libpebble.a(tmpO4BPkUpebble.o)
 .text.action_bar_layer_set_context
                0x0000000000000000        0xc /home/marcelle/pebble-dev/PebbleSDK-2.4.1/Pebble/lib/libpebble.a(tmpO4BPkUpebble.o)
 .text.action_bar_layer_set_icon
                0x0000000000000000        0xc /home/marcelle/pebble-dev/PebbleSDK-2.4.1/Pebble/lib/libpebble.a(tmpO4BPkUpebble.o)
 .text.animation_create
                0x0000000000000000        0xc /home/marcelle/pebble-dev/PebbleSDK-2.4.1/Pebble/lib/libpebble.a(tmpO4BPkUpebble.o)
 .text.animation_destroy
                0x0000000000000000        0xc /home/marcelle/pebble-dev/PebbleSDK-2.4.1/Pebble/lib/libpebble.a(tmpO4BPkUpebble.o)
 .text.animation_get_context
                0x0000000000000000        0xc /home/marcelle/pebble-dev/PebbleSDK-2.4.1/Pebble/lib/libpebble.a(tmpO4BPkUpebble.o)
 .text.animation_is_scheduled
                0x0000000000000000        0xc /home/marcelle/pebble-dev/PebbleSDK-2.4.1/Pebble/lib/libpebble.a(tmpO4BPkUpebble.o)
 .text.animation_schedule
                0x0000000000000000        0xc /home/marcelle/pebble-dev/PebbleSDK-2.4.1/Pebble/lib/libpebble.a(tmpO4BPkUpebble.o)
 .text.animation_set_curve
                0x0000000000000000        0xc /home/marcelle/pebble-dev/PebbleSDK-2.4.1/Pebble/lib/libpebble.a(tmpO4BPkUpebble.o)
 .text.animation_set_delay
                0x0000000000000000        0xc /home/marcelle/pebble-dev/PebbleSDK-2.4.1/Pebble/lib/libpebble.a(tmpO4BPkUpebble.o)
 .text.animation_set_duration
                0x0000000000000000        0xc /home/marcelle/pebble-dev/PebbleSDK-2.4.1/Pebble/lib/libpebble.a(tmpO4BPkUpebble.o)
 .text.animation_set_handlers
                0x0000000000000000        0xc /home/marcelle/pebble-dev/PebbleSDK-2.4.1/Pebble/lib/libpebble.a(tmpO4BPkUpebble.o)
 .text.animation_set_implementation
                0x0000000000000000        0xc /home/marcelle/pebble-dev/PebbleSDK-2.4.1/Pebble/lib/libpebble.a(tmpO4BPkUpebble.o)
 .text.animation_unschedule
                0x0000000000000000        0xc /home/marcelle/pebble-dev/PebbleSDK-2.4.1/Pebble/lib/libpebble.a(tmpO4BPkUpebble.o)
 .text.animation_unschedule_all
                0x0000000000000000        0xc /home/marcelle/pebble-dev/PebbleSDK-2.4.1/Pebble/lib/libpebble.a(tmpO4BPkUpebble.o)
 .text.app_comm_get_sniff_interval
                0x0000000000000000        0xc /home/marcelle/pebble-dev/PebbleSDK-2.4.1/Pebble/lib/libpebble.a(tmpO4BPkUpebble.o)
 .text.app_message_deregister_callbacks
                0x0000000000000000        0xc /home/marcelle/pebble-dev/PebbleSDK-2.4.1/Pebble/lib/libpebble.a(tmpO4BPkUpebble.o)
 .text.app_message_open
                0x0000000000000000        0xc /home/marcelle/pebble-dev/PebbleSDK-2.4.1/Pebble/lib/libpebble.a(tmpO4BPkUpebble.o)
 .text.app_sync_deinit
                0x0000000000000000        0xc /home/marcelle/pebble-dev/PebbleSDK-2.4.1/Pebble/lib/libpebble.a(tmpO4BPkUpebble.o)
 .text.app_sync_get
                0x0000000000000000        0xc /home/marcelle/pebble-dev/PebbleSDK-2.4.1/Pebble/lib/libpebble.a(tmpO4BPkUpebble.o)
 .text.app_sync_init
                0x0000000000000000        0xc /home/marcelle/pebble-dev/PebbleSDK-2.4.1/Pebble/lib/libpebble.a(tmpO4BPkUpebble.o)
 .text.app_sync_set
                0x0000000000000000        0xc /home/marcelle/pebble-dev/PebbleSDK-2.4.1/Pebble/lib/libpebble.a(tmpO4BPkUpebble.o)
 .text.atan2_lookup
                0x0000000000000000        0xc /home/marcelle/pebble-dev/PebbleSDK-2.4.1/Pebble/lib/libpebble.a(tmpO4BPkUpebble.o)
 .text.atoi     0x0000000000000000        0xc /home/marcelle/pebble-dev/PebbleSDK-2.4.1/Pebble/lib/libpebble.a(tmpO4BPkUpebble.o)
 .text.atol     0x0000000000000000        0xc /home/marcelle/pebble-dev/PebbleSDK-2.4.1/Pebble/lib/libpebble.a(tmpO4BPkUpebble.o)
 .text.battery_state_service_subscribe
                0x0000000000000000        0xc /home/marcelle/pebble-dev/PebbleSDK-2.4.1/Pebble/lib/libpebble.a(tmpO4BPkUpebble.o)
 .text.battery_state_service_unsubscribe
                0x0000000000000000        0xc /home/marcelle/pebble-dev/PebbleSDK-2.4.1/Pebble/lib/libpebble.a(tmpO4BPkUpebble.o)
 .text.bitmap_layer_create
                0x0000000000000000        0xc /home/marcelle/pebble-dev/PebbleSDK-2.4.1/Pebble/lib/libpebble.a(tmpO4BPkUpebble.o)
 .text.bitmap_layer_destroy
                0x0000000000000000        0xc /home/marcelle/pebble-dev/PebbleSDK-2.4.1/Pebble/lib/libpebble.a(tmpO4BPkUpebble.o)
 .text.bitmap_layer_get_layer
                0x0000000000000000        0xc /home/marcelle/pebble-dev/PebbleSDK-2.4.1/Pebble/lib/libpebble.a(tmpO4BPkUpebble.o)
 .text.bitmap_layer_set_alignment
                0x0000000000000000        0xc /home/marcelle/pebble-dev/PebbleSDK-2.4.1/Pebble/lib/libpebble.a(tmpO4BPkUpebble.o)
 .text.bitmap_layer_set_background_color
                0x0000000000000000        0xc /home/marcelle/pebble-dev/PebbleSDK-2.4.1/Pebble/lib/libpebble.a(tmpO4BPkUpebble.o)
 .text.bitmap_layer_set_bitmap
                0x0000000000000000        0xc /home/marcelle/pebble-dev/PebbleSDK-2.4.1/Pebble/lib/libpebble.a(tmpO4BPkUpebble.o)
 .text.bitmap_layer_set_compositing_mode
                0x0000000000000000        0xc /home/marcelle/pebble-dev/PebbleSDK-2.4.1/Pebble/lib/libpebble.a(tmpO4BPkUpebble.o)
 .text.bluetooth_connection_service_subscribe
                0x0000000000000000        0xc /home/marcelle/pebble-dev/PebbleSDK-2.4.1/Pebble/lib/libpebble.a(tmpO4BPkUpebble.o)
 .text.bluetooth_connection_service_unsubscribe
                0x0000000000000000        0xc /home/marcelle/pebble-dev/PebbleSDK-2.4.1/Pebble/lib/libpebble.a(tmpO4BPkUpebble.o)
 .text.click_number_of_clicks_counted
                0x0000000000000000        0xc /home/marcelle/pebble-dev/PebbleSDK-2.4.1/Pebble/lib/libpebble.a(tmpO4BPkUpebble.o)
 .text.click_recognizer_get_button_id
                0x0000000000000000        0xc /home/marcelle/pebble-dev/PebbleSDK-2.4.1/Pebble/lib/libpebble.a(tmpO4BPkUpebble.o)
 .text.clock_copy_time_string
                0x0000000000000000        0xc /home/marcelle/pebble-dev/PebbleSDK-2.4.1/Pebble/lib/libpebble.a(tmpO4BPkUpebble.o)
 .text.clock_is_24h_style
                0x0000000000000000        0xc /home/marcelle/pebble-dev/PebbleSDK-2.4.1/Pebble/lib/libpebble.a(tmpO4BPkUpebble.o)
 .text.cos_lookup
                0x0000000000000000        0xc /home/marcelle/pebble-dev/PebbleSDK-2.4.1/Pebble/lib/libpebble.a(tmpO4BPkUpebble.o)
 .text.data_logging_create
                0x0000000000000000        0xc /home/marcelle/pebble-dev/PebbleSDK-2.4.1/Pebble/lib/libpebble.a(tmpO4BPkUpebble.o)
 .text.data_logging_finish
                0x0000000000000000        0xc /home/marcelle/pebble-dev/PebbleSDK-2.4.1/Pebble/lib/libpebble.a(tmpO4BPkUpebble.o)
 .text.data_logging_log
                0x0000000000000000        0xc /home/marcelle/pebble-dev/PebbleSDK-2.4.1/Pebble/lib/libpebble.a(tmpO4BPkUpebble.o)
 .text.dict_calc_buffer_size
                0x0000000000000000        0xc /home/marcelle/pebble-dev/PebbleSDK-2.4.1/Pebble/lib/libpebble.a(tmpO4BPkUpebble.o)
 .text.dict_calc_buffer_size_from_tuplets
                0x0000000000000000        0xc /home/marcelle/pebble-dev/PebbleSDK-2.4.1/Pebble/lib/libpebble.a(tmpO4BPkUpebble.o)
 .text.dict_find
                0x0000000000000000        0xc /home/marcelle/pebble-dev/PebbleSDK-2.4.1/Pebble/lib/libpebble.a(tmpO4BPkUpebble.o)
 .text.dict_merge
                0x0000000000000000        0xc /home/marcelle/pebble-dev/PebbleSDK-2.4.1/Pebble/lib/libpebble.a(tmpO4BPkUpebble.o)
 .text.dict_read_begin_from_buffer
                0x0000000000000000        0xc /home/marcelle/pebble-dev/PebbleSDK-2.4.1/Pebble/lib/libpebble.a(tmpO4BPkUpebble.o)
 .text.dict_read_first
                0x0000000000000000        0xc /home/marcelle/pebble-dev/PebbleSDK-2.4.1/Pebble/lib/libpebble.a(tmpO4BPkUpebble.o)
 .text.dict_read_next
                0x0000000000000000        0xc /home/marcelle/pebble-dev/PebbleSDK-2.4.1/Pebble/lib/libpebble.a(tmpO4BPkUpebble.o)
 .text.dict_serialize_tuplets
                0x0000000000000000        0xc /home/marcelle/pebble-dev/PebbleSDK-2.4.1/Pebble/lib/libpebble.a(tmpO4BPkUpebble.o)
 .text.dict_serialize_tuplets_to_buffer__deprecated
                0x0000000000000000        0xc /home/marcelle/pebble-dev/PebbleSDK-2.4.1/Pebble/lib/libpebble.a(tmpO4BPkUpebble.o)
 .text.dict_serialize_tuplets_to_buffer_with_iter
                0x0000000000000000        0xc /home/marcelle/pebble-dev/PebbleSDK-2.4.1/Pebble/lib/libpebble.a(tmpO4BPkUpebble.o)
 .text.dict_write_begin
                0x0000000000000000        0xc /home/marcelle/pebble-dev/PebbleSDK-2.4.1/Pebble/lib/libpebble.a(tmpO4BPkUpebble.o)
 .text.dict_write_cstring
                0x0000000000000000        0xc /home/marcelle/pebble-dev/PebbleSDK-2.4.1/Pebble/lib/libpebble.a(tmpO4BPkUpebble.o)
 .text.dict_write_data
                0x0000000000000000        0xc /home/marcelle/pebble-dev/PebbleSDK-2.4.1/Pebble/lib/libpebble.a(tmpO4BPkUpebble.o)
 .text.dict_write_int
                0x0000000000000000        0xc /home/marcelle/pebble-dev/PebbleSDK-2.4.1/Pebble/lib/libpebble.a(tmpO4BPkUpebble.o)
 .text.dict_write_int16
                0x0000000000000000        0xc /home/marcelle/pebble-dev/PebbleSDK-2.4.1/Pebble/lib/libpebble.a(tmpO4BPkUpebble.o)
 .text.dict_write_int32
                0x0000000000000000        0xc /home/marcelle/pebble-dev/PebbleSDK-2.4.1/Pebble/lib/libpebble.a(tmpO4BPkUpebble.o)
 .text.dict_write_int8
                0x0000000000000000        0xc /home/marcelle/pebble-dev/PebbleSDK-2.4.1/Pebble/lib/libpebble.a(tmpO4BPkUpebble.o)
 .text.dict_write_uint16
                0x0000000000000000        0xc /home/marcelle/pebble-dev/PebbleSDK-2.4.1/Pebble/lib/libpebble.a(tmpO4BPkUpebble.o)
 .text.dict_write_uint32
                0x0000000000000000        0xc /home/marcelle/pebble-dev/PebbleSDK-2.4.1/Pebble/lib/libpebble.a(tmpO4BPkUpebble.o)
 .text.dict_write_uint8
                0x0000000000000000        0xc /home/marcelle/pebble-dev/PebbleSDK-2.4.1/Pebble/lib/libpebble.a(tmpO4BPkUpebble.o)
 .text.fonts_load_custom_font
                0x0000000000000000        0xc /home/marcelle/pebble-dev/PebbleSDK-2.4.1/Pebble/lib/libpebble.a(tmpO4BPkUpebble.o)
 .text.fonts_unload_custom_font
                0x0000000000000000        0xc /home/marcelle/pebble-dev/PebbleSDK-2.4.1/Pebble/lib/libpebble.a(tmpO4BPkUpebble.o)
 .text.free     0x0000000000000000        0xc /home/marcelle/pebble-dev/PebbleSDK-2.4.1/Pebble/lib/libpebble.a(tmpO4BPkUpebble.o)
 .text.gbitmap_create_as_sub_bitmap
                0x0000000000000000        0xc /home/marcelle/pebble-dev/PebbleSDK-2.4.1/Pebble/lib/libpebble.a(tmpO4BPkUpebble.o)
 .text.gbitmap_create_with_data
                0x0000000000000000        0xc /home/marcelle/pebble-dev/PebbleSDK-2.4.1/Pebble/lib/libpebble.a(tmpO4BPkUpebble.o)
 .text.gbitmap_create_with_resource
                0x0000000000000000        0xc /home/marcelle/pebble-dev/PebbleSDK-2.4.1/Pebble/lib/libpebble.a(tmpO4BPkUpebble.o)
 .text.gbitmap_destroy
                0x0000000000000000        0xc /home/marcelle/pebble-dev/PebbleSDK-2.4.1/Pebble/lib/libpebble.a(tmpO4BPkUpebble.o)
 .text.gmtime   0x0000000000000000        0xc /home/marcelle/pebble-dev/PebbleSDK-2.4.1/Pebble/lib/libpebble.a(tmpO4BPkUpebble.o)
 .text.gpath_create
                0x0000000000000000        0xc /home/marcelle/pebble-dev/PebbleSDK-2.4.1/Pebble/lib/libpebble.a(tmpO4BPkUpebble.o)
 .text.gpath_destroy
                0x0000000000000000        0xc /home/marcelle/pebble-dev/PebbleSDK-2.4.1/Pebble/lib/libpebble.a(tmpO4BPkUpebble.o)
 .text.gpath_draw_filled
                0x0000000000000000        0xc /home/marcelle/pebble-dev/PebbleSDK-2.4.1/Pebble/lib/libpebble.a(tmpO4BPkUpebble.o)
 .text.gpath_draw_outline
                0x0000000000000000        0xc /home/marcelle/pebble-dev/PebbleSDK-2.4.1/Pebble/lib/libpebble.a(tmpO4BPkUpebble.o)
 .text.gpath_move_to
                0x0000000000000000        0xc /home/marcelle/pebble-dev/PebbleSDK-2.4.1/Pebble/lib/libpebble.a(tmpO4BPkUpebble.o)
 .text.gpath_rotate_to
                0x0000000000000000        0xc /home/marcelle/pebble-dev/PebbleSDK-2.4.1/Pebble/lib/libpebble.a(tmpO4BPkUpebble.o)
 .text.gpoint_equal
                0x0000000000000000        0xc /home/marcelle/pebble-dev/PebbleSDK-2.4.1/Pebble/lib/libpebble.a(tmpO4BPkUpebble.o)
 .text.graphics_context_set_compositing_mode
                0x0000000000000000        0xc /home/marcelle/pebble-dev/PebbleSDK-2.4.1/Pebble/lib/libpebble.a(tmpO4BPkUpebble.o)
 .text.graphics_context_set_fill_color
                0x0000000000000000        0xc /home/marcelle/pebble-dev/PebbleSDK-2.4.1/Pebble/lib/libpebble.a(tmpO4BPkUpebble.o)
 .text.graphics_context_set_stroke_color
                0x0000000000000000        0xc /home/marcelle/pebble-dev/PebbleSDK-2.4.1/Pebble/lib/libpebble.a(tmpO4BPkUpebble.o)
 .text.graphics_draw_bitmap_in_rect
                0x0000000000000000        0xc /home/marcelle/pebble-dev/PebbleSDK-2.4.1/Pebble/lib/libpebble.a(tmpO4BPkUpebble.o)
 .text.graphics_draw_circle
                0x0000000000000000        0xc /home/marcelle/pebble-dev/PebbleSDK-2.4.1/Pebble/lib/libpebble.a(tmpO4BPkUpebble.o)
 .text.graphics_draw_line
                0x0000000000000000        0xc /home/marcelle/pebble-dev/PebbleSDK-2.4.1/Pebble/lib/libpebble.a(tmpO4BPkUpebble.o)
 .text.graphics_draw_pixel
                0x0000000000000000        0xc /home/marcelle/pebble-dev/PebbleSDK-2.4.1/Pebble/lib/libpebble.a(tmpO4BPkUpebble.o)
 .text.graphics_draw_rect
                0x0000000000000000        0xc /home/marcelle/pebble-dev/PebbleSDK-2.4.1/Pebble/lib/libpebble.a(tmpO4BPkUpebble.o)
 .text.graphics_draw_round_rect
                0x0000000000000000        0xc /home/marcelle/pebble-dev/PebbleSDK-2.4.1/Pebble/lib/libpebble.a(tmpO4BPkUpebble.o)
 .text.graphics_fill_circle
                0x0000000000000000        0xc /home/marcelle/pebble-dev/PebbleSDK-2.4.1/Pebble/lib/libpebble.a(tmpO4BPkUpebble.o)
 .text.graphics_fill_rect
                0x0000000000000000        0xc /home/marcelle/pebble-dev/PebbleSDK-2.4.1/Pebble/lib/libpebble.a(tmpO4BPkUpebble.o)
 .text.graphics_text_layout_get_max_used_size
                0x0000000000000000        0xc /home/marcelle/pebble-dev/PebbleSDK-2.4.1/Pebble/lib/libpebble.a(tmpO4BPkUpebble.o)
 .text.grect_align
                0x0000000000000000        0xc /home/marcelle/pebble-dev/PebbleSDK-2.4.1/Pebble/lib/libpebble.a(tmpO4BPkUpebble.o)
 .text.grect_center_point
                0x0000000000000000        0xc /home/marcelle/pebble-dev/PebbleSDK-2.4.1/Pebble/lib/libpebble.a(tmpO4BPkUpebble.o)
 .text.grect_clip
                0x0000000000000000        0xc /home/marcelle/pebble-dev/PebbleSDK-2.4.1/Pebble/lib/libpebble.a(tmpO4BPkUpebble.o)
 .text.grect_contains_point
                0x0000000000000000        0xc /home/marcelle/pebble-dev/PebbleSDK-2.4.1/Pebble/lib/libpebble.a(tmpO4BPkUpebble.o)
 .text.grect_crop
                0x0000000000000000        0xc /home/marcelle/pebble-dev/PebbleSDK-2.4.1/Pebble/lib/libpebble.a(tmpO4BPkUpebble.o)
 .text.grect_equal
                0x0000000000000000        0xc /home/marcelle/pebble-dev/PebbleSDK-2.4.1/Pebble/lib/libpebble.a(tmpO4BPkUpebble.o)
 .text.grect_is_empty
                0x0000000000000000        0xc /home/marcelle/pebble-dev/PebbleSDK-2.4.1/Pebble/lib/libpebble.a(tmpO4BPkUpebble.o)
 .text.grect_standardize
                0x0000000000000000        0xc /home/marcelle/pebble-dev/PebbleSDK-2.4.1/Pebble/lib/libpebble.a(tmpO4BPkUpebble.o)
 .text.gsize_equal
                0x0000000000000000        0xc /home/marcelle/pebble-dev/PebbleSDK-2.4.1/Pebble/lib/libpebble.a(tmpO4BPkUpebble.o)
 .text.inverter_layer_create
                0x0000000000000000        0xc /home/marcelle/pebble-dev/PebbleSDK-2.4.1/Pebble/lib/libpebble.a(tmpO4BPkUpebble.o)
 .text.inverter_layer_destroy
                0x0000000000000000        0xc /home/marcelle/pebble-dev/PebbleSDK-2.4.1/Pebble/lib/libpebble.a(tmpO4BPkUpebble.o)
 .text.inverter_layer_get_layer
                0x0000000000000000        0xc /home/marcelle/pebble-dev/PebbleSDK-2.4.1/Pebble/lib/libpebble.a(tmpO4BPkUpebble.o)
 .text.layer_create
                0x0000000000000000        0xc /home/marcelle/pebble-dev/PebbleSDK-2.4.1/Pebble/lib/libpebble.a(tmpO4BPkUpebble.o)
 .text.layer_create_with_data
                0x0000000000000000        0xc /home/marcelle/pebble-dev/PebbleSDK-2.4.1/Pebble/lib/libpebble.a(tmpO4BPkUpebble.o)
 .text.layer_destroy
                0x0000000000000000        0xc /home/marcelle/pebble-dev/PebbleSDK-2.4.1/Pebble/lib/libpebble.a(tmpO4BPkUpebble.o)
 .text.layer_get_bounds
                0x0000000000000000        0xc /home/marcelle/pebble-dev/PebbleSDK-2.4.1/Pebble/lib/libpebble.a(tmpO4BPkUpebble.o)
 .text.layer_get_clips
                0x0000000000000000        0xc /home/marcelle/pebble-dev/PebbleSDK-2.4.1/Pebble/lib/libpebble.a(tmpO4BPkUpebble.o)
 .text.layer_get_data
                0x0000000000000000        0xc /home/marcelle/pebble-dev/PebbleSDK-2.4.1/Pebble/lib/libpebble.a(tmpO4BPkUpebble.o)
 .text.layer_get_hidden
                0x0000000000000000        0xc /home/marcelle/pebble-dev/PebbleSDK-2.4.1/Pebble/lib/libpebble.a(tmpO4BPkUpebble.o)
 .text.layer_get_window
                0x0000000000000000        0xc /home/marcelle/pebble-dev/PebbleSDK-2.4.1/Pebble/lib/libpebble.a(tmpO4BPkUpebble.o)
 .text.layer_insert_above_sibling
                0x0000000000000000        0xc /home/marcelle/pebble-dev/PebbleSDK-2.4.1/Pebble/lib/libpebble.a(tmpO4BPkUpebble.o)
 .text.layer_insert_below_sibling
                0x0000000000000000        0xc /home/marcelle/pebble-dev/PebbleSDK-2.4.1/Pebble/lib/libpebble.a(tmpO4BPkUpebble.o)
 .text.layer_mark_dirty
                0x0000000000000000        0xc /home/marcelle/pebble-dev/PebbleSDK-2.4.1/Pebble/lib/libpebble.a(tmpO4BPkUpebble.o)
 .text.layer_remove_child_layers
                0x0000000000000000        0xc /home/marcelle/pebble-dev/PebbleSDK-2.4.1/Pebble/lib/libpebble.a(tmpO4BPkUpebble.o)
 .text.layer_remove_from_parent
                0x0000000000000000        0xc /home/marcelle/pebble-dev/PebbleSDK-2.4.1/Pebble/lib/libpebble.a(tmpO4BPkUpebble.o)
 .text.layer_set_bounds
                0x0000000000000000        0xc /home/marcelle/pebble-dev/PebbleSDK-2.4.1/Pebble/lib/libpebble.a(tmpO4BPkUpebble.o)
 .text.layer_set_clips
                0x0000000000000000        0xc /home/marcelle/pebble-dev/PebbleSDK-2.4.1/Pebble/lib/libpebble.a(tmpO4BPkUpebble.o)
 .text.layer_set_frame
                0x0000000000000000        0xc /home/marcelle/pebble-dev/PebbleSDK-2.4.1/Pebble/lib/libpebble.a(tmpO4BPkUpebble.o)
 .text.layer_set_hidden
                0x0000000000000000        0xc /home/marcelle/pebble-dev/PebbleSDK-2.4.1/Pebble/lib/libpebble.a(tmpO4BPkUpebble.o)
 .text.layer_set_update_proc
                0x0000000000000000        0xc /home/marcelle/pebble-dev/PebbleSDK-2.4.1/Pebble/lib/libpebble.a(tmpO4BPkUpebble.o)
 .text.light_enable
                0x0000000000000000        0xc /home/marcelle/pebble-dev/PebbleSDK-2.4.1/Pebble/lib/libpebble.a(tmpO4BPkUpebble.o)
 .text.light_enable_interaction
                0x0000000000000000        0xc /home/marcelle/pebble-dev/PebbleSDK-2.4.1/Pebble/lib/libpebble.a(tmpO4BPkUpebble.o)
 .text.malloc   0x0000000000000000        0xc /home/marcelle/pebble-dev/PebbleSDK-2.4.1/Pebble/lib/libpebble.a(tmpO4BPkUpebble.o)
 .text.memcpy   0x0000000000000000        0xc /home/marcelle/pebble-dev/PebbleSDK-2.4.1/Pebble/lib/libpebble.a(tmpO4BPkUpebble.o)
 .text.memmove  0x0000000000000000        0xc /home/marcelle/pebble-dev/PebbleSDK-2.4.1/Pebble/lib/libpebble.a(tmpO4BPkUpebble.o)
 .text.menu_cell_basic_draw
                0x0000000000000000        0xc /home/marcelle/pebble-dev/PebbleSDK-2.4.1/Pebble/lib/libpebble.a(tmpO4BPkUpebble.o)
 .text.menu_cell_title_draw
                0x0000000000000000        0xc /home/marcelle/pebble-dev/PebbleSDK-2.4.1/Pebble/lib/libpebble.a(tmpO4BPkUpebble.o)
 .text.menu_index_compare
                0x0000000000000000        0xc /home/marcelle/pebble-dev/PebbleSDK-2.4.1/Pebble/lib/libpebble.a(tmpO4BPkUpebble.o)
 .text.menu_layer_get_scroll_layer
                0x0000000000000000        0xc /home/marcelle/pebble-dev/PebbleSDK-2.4.1/Pebble/lib/libpebble.a(tmpO4BPkUpebble.o)
 .text.menu_layer_get_selected_index
                0x0000000000000000        0xc /home/marcelle/pebble-dev/PebbleSDK-2.4.1/Pebble/lib/libpebble.a(tmpO4BPkUpebble.o)
 .text.menu_layer_reload_data
                0x0000000000000000        0xc /home/marcelle/pebble-dev/PebbleSDK-2.4.1/Pebble/lib/libpebble.a(tmpO4BPkUpebble.o)
 .text.menu_layer_set_callbacks__deprecated
                0x0000000000000000        0xc /home/marcelle/pebble-dev/PebbleSDK-2.4.1/Pebble/lib/libpebble.a(tmpO4BPkUpebble.o)
 .text.menu_layer_set_selected_next
                0x0000000000000000        0xc /home/marcelle/pebble-dev/PebbleSDK-2.4.1/Pebble/lib/libpebble.a(tmpO4BPkUpebble.o)
 .text.number_window_create
                0x0000000000000000        0xc /home/marcelle/pebble-dev/PebbleSDK-2.4.1/Pebble/lib/libpebble.a(tmpO4BPkUpebble.o)
 .text.number_window_destroy
                0x0000000000000000        0xc /home/marcelle/pebble-dev/PebbleSDK-2.4.1/Pebble/lib/libpebble.a(tmpO4BPkUpebble.o)
 .text.number_window_get_value
                0x0000000000000000        0xc /home/marcelle/pebble-dev/PebbleSDK-2.4.1/Pebble/lib/libpebble.a(tmpO4BPkUpebble.o)
 .text.number_window_set_label
                0x0000000000000000        0xc /home/marcelle/pebble-dev/PebbleSDK-2.4.1/Pebble/lib/libpebble.a(tmpO4BPkUpebble.o)
 .text.number_window_set_max
                0x0000000000000000        0xc /home/marcelle/pebble-dev/PebbleSDK-2.4.1/Pebble/lib/libpebble.a(tmpO4BPkUpebble.o)
 .text.number_window_set_min
                0x0000000000000000        0xc /home/marcelle/pebble-dev/PebbleSDK-2.4.1/Pebble/lib/libpebble.a(tmpO4BPkUpebble.o)
 .text.number_window_set_step_size
                0x0000000000000000        0xc /home/marcelle/pebble-dev/PebbleSDK-2.4.1/Pebble/lib/libpebble.a(tmpO4BPkUpebble.o)
 .text.number_window_set_value
                0x0000000000000000        0xc /home/marcelle/pebble-dev/PebbleSDK-2.4.1/Pebble/lib/libpebble.a(tmpO4BPkUpebble.o)
 .text.persist_exists
                0x0000000000000000        0xc /home/marcelle/pebble-dev/PebbleSDK-2.4.1/Pebble/lib/libpebble.a(tmpO4BPkUpebble.o)
 .text.persist_get_size
                0x0000000000000000        0xc /home/marcelle/pebble-dev/PebbleSDK-2.4.1/Pebble/lib/libpebble.a(tmpO4BPkUpebble.o)
 .text.persist_read_data__deprecated
                0x0000000000000000        0xc /home/marcelle/pebble-dev/PebbleSDK-2.4.1/Pebble/lib/libpebble.a(tmpO4BPkUpebble.o)
 .text.persist_read_int
                0x0000000000000000        0xc /home/marcelle/pebble-dev/PebbleSDK-2.4.1/Pebble/lib/libpebble.a(tmpO4BPkUpebble.o)
 .text.persist_read_string__deprecated
                0x0000000000000000        0xc /home/marcelle/pebble-dev/PebbleSDK-2.4.1/Pebble/lib/libpebble.a(tmpO4BPkUpebble.o)
 .text.persist_write_data__deprecated
                0x0000000000000000        0xc /home/marcelle/pebble-dev/PebbleSDK-2.4.1/Pebble/lib/libpebble.a(tmpO4BPkUpebble.o)
 .text.persist_write_int
                0x0000000000000000        0xc /home/marcelle/pebble-dev/PebbleSDK-2.4.1/Pebble/lib/libpebble.a(tmpO4BPkUpebble.o)
 .text.persist_write_string
                0x0000000000000000        0xc /home/marcelle/pebble-dev/PebbleSDK-2.4.1/Pebble/lib/libpebble.a(tmpO4BPkUpebble.o)
 .text.property_animation_create
                0x0000000000000000        0xc /home/marcelle/pebble-dev/PebbleSDK-2.4.1/Pebble/lib/libpebble.a(tmpO4BPkUpebble.o)
 .text.property_animation_create_layer_frame
                0x0000000000000000        0xc /home/marcelle/pebble-dev/PebbleSDK-2.4.1/Pebble/lib/libpebble.a(tmpO4BPkUpebble.o)
 .text.property_animation_destroy
                0x0000000000000000        0xc /home/marcelle/pebble-dev/PebbleSDK-2.4.1/Pebble/lib/libpebble.a(tmpO4BPkUpebble.o)
 .text.property_animation_update_gpoint
                0x0000000000000000        0xc /home/marcelle/pebble-dev/PebbleSDK-2.4.1/Pebble/lib/libpebble.a(tmpO4BPkUpebble.o)
 .text.property_animation_update_grect
                0x0000000000000000        0xc /home/marcelle/pebble-dev/PebbleSDK-2.4.1/Pebble/lib/libpebble.a(tmpO4BPkUpebble.o)
 .text.property_animation_update_int16
                0x0000000000000000        0xc /home/marcelle/pebble-dev/PebbleSDK-2.4.1/Pebble/lib/libpebble.a(tmpO4BPkUpebble.o)
 .text.psleep   0x0000000000000000        0xc /home/marcelle/pebble-dev/PebbleSDK-2.4.1/Pebble/lib/libpebble.a(tmpO4BPkUpebble.o)
 .text.rand     0x0000000000000000        0xc /home/marcelle/pebble-dev/PebbleSDK-2.4.1/Pebble/lib/libpebble.a(tmpO4BPkUpebble.o)
 .text.resource_get_handle
                0x0000000000000000        0xc /home/marcelle/pebble-dev/PebbleSDK-2.4.1/Pebble/lib/libpebble.a(tmpO4BPkUpebble.o)
 .text.resource_load
                0x0000000000000000        0xc /home/marcelle/pebble-dev/PebbleSDK-2.4.1/Pebble/lib/libpebble.a(tmpO4BPkUpebble.o)
 .text.resource_load_byte_range
                0x0000000000000000        0xc /home/marcelle/pebble-dev/PebbleSDK-2.4.1/Pebble/lib/libpebble.a(tmpO4BPkUpebble.o)
 .text.resource_size
                0x0000000000000000        0xc /home/marcelle/pebble-dev/PebbleSDK-2.4.1/Pebble/lib/libpebble.a(tmpO4BPkUpebble.o)
 .text.rot_bitmap_layer_create
                0x0000000000000000        0xc /home/marcelle/pebble-dev/PebbleSDK-2.4.1/Pebble/lib/libpebble.a(tmpO4BPkUpebble.o)
 .text.rot_bitmap_layer_destroy
                0x0000000000000000        0xc /home/marcelle/pebble-dev/PebbleSDK-2.4.1/Pebble/lib/libpebble.a(tmpO4BPkUpebble.o)
 .text.rot_bitmap_layer_increment_angle
                0x0000000000000000        0xc /home/marcelle/pebble-dev/PebbleSDK-2.4.1/Pebble/lib/libpebble.a(tmpO4BPkUpebble.o)
 .text.rot_bitmap_layer_set_angle
                0x0000000000000000        0xc /home/marcelle/pebble-dev/PebbleSDK-2.4.1/Pebble/lib/libpebble.a(tmpO4BPkUpebble.o)
 .text.rot_bitmap_layer_set_corner_clip_color
                0x0000000000000000        0xc /home/marcelle/pebble-dev/PebbleSDK-2.4.1/Pebble/lib/libpebble.a(tmpO4BPkUpebble.o)
 .text.rot_bitmap_set_compositing_mode
                0x0000000000000000        0xc /home/marcelle/pebble-dev/PebbleSDK-2.4.1/Pebble/lib/libpebble.a(tmpO4BPkUpebble.o)
 .text.rot_bitmap_set_src_ic
                0x0000000000000000        0xc /home/marcelle/pebble-dev/PebbleSDK-2.4.1/Pebble/lib/libpebble.a(tmpO4BPkUpebble.o)
 .text.scroll_layer_add_child
                0x0000000000000000        0xc /home/marcelle/pebble-dev/PebbleSDK-2.4.1/Pebble/lib/libpebble.a(tmpO4BPkUpebble.o)
 .text.scroll_layer_create
                0x0000000000000000        0xc /home/marcelle/pebble-dev/PebbleSDK-2.4.1/Pebble/lib/libpebble.a(tmpO4BPkUpebble.o)
 .text.scroll_layer_destroy
                0x0000000000000000        0xc /home/marcelle/pebble-dev/PebbleSDK-2.4.1/Pebble/lib/libpebble.a(tmpO4BPkUpebble.o)
 .text.scroll_layer_get_content_offset
                0x0000000000000000        0xc /home/marcelle/pebble-dev/PebbleSDK-2.4.1/Pebble/lib/libpebble.a(tmpO4BPkUpebble.o)
 .text.scroll_layer_get_content_size
                0x0000000000000000        0xc /home/marcelle/pebble-dev/PebbleSDK-2.4.1/Pebble/lib/libpebble.a(tmpO4BPkUpebble.o)
 .text.scroll_layer_get_layer
                0x0000000000000000        0xc /home/marcelle/pebble-dev/PebbleSDK-2.4.1/Pebble/lib/libpebble.a(tmpO4BPkUpebble.o)
 .text.scroll_layer_get_shadow_hidden
                0x0000000000000000        0xc /home/marcelle/pebble-dev/PebbleSDK-2.4.1/Pebble/lib/libpebble.a(tmpO4BPkUpebble.o)
 .text.scroll_layer_scroll_down_click_handler
                0x0000000000000000        0xc /home/marcelle/pebble-dev/PebbleSDK-2.4.1/Pebble/lib/libpebble.a(tmpO4BPkUpebble.o)
 .text.scroll_layer_scroll_up_click_handler
                0x0000000000000000        0xc /home/marcelle/pebble-dev/PebbleSDK-2.4.1/Pebble/lib/libpebble.a(tmpO4BPkUpebble.o)
 .text.scroll_layer_set_callbacks
                0x0000000000000000        0xc /home/marcelle/pebble-dev/PebbleSDK-2.4.1/Pebble/lib/libpebble.a(tmpO4BPkUpebble.o)
 .text.scroll_layer_set_click_config_onto_window
                0x0000000000000000        0xc /home/marcelle/pebble-dev/PebbleSDK-2.4.1/Pebble/lib/libpebble.a(tmpO4BPkUpebble.o)
 .text.scroll_layer_set_content_offset
                0x0000000000000000        0xc /home/marcelle/pebble-dev/PebbleSDK-2.4.1/Pebble/lib/libpebble.a(tmpO4BPkUpebble.o)
 .text.scroll_layer_set_content_size
                0x0000000000000000        0xc /home/marcelle/pebble-dev/PebbleSDK-2.4.1/Pebble/lib/libpebble.a(tmpO4BPkUpebble.o)
 .text.scroll_layer_set_context
                0x0000000000000000        0xc /home/marcelle/pebble-dev/PebbleSDK-2.4.1/Pebble/lib/libpebble.a(tmpO4BPkUpebble.o)
 .text.scroll_layer_set_frame
                0x0000000000000000        0xc /home/marcelle/pebble-dev/PebbleSDK-2.4.1/Pebble/lib/libpebble.a(tmpO4BPkUpebble.o)
 .text.scroll_layer_set_shadow_hidden
                0x0000000000000000        0xc /home/marcelle/pebble-dev/PebbleSDK-2.4.1/Pebble/lib/libpebble.a(tmpO4BPkUpebble.o)
 .text.simple_menu_layer_create
                0x0000000000000000        0xc /home/marcelle/pebble-dev/PebbleSDK-2.4.1/Pebble/lib/libpebble.a(tmpO4BPkUpebble.o)
 .text.simple_menu_layer_destroy
                0x0000000000000000        0xc /home/marcelle/pebble-dev/PebbleSDK-2.4.1/Pebble/lib/libpebble.a(tmpO4BPkUpebble.o)
 .text.simple_menu_layer_get_layer
                0x0000000000000000        0xc /home/marcelle/pebble-dev/PebbleSDK-2.4.1/Pebble/lib/libpebble.a(tmpO4BPkUpebble.o)
 .text.simple_menu_layer_get_selected_index
                0x0000000000000000        0xc /home/marcelle/pebble-dev/PebbleSDK-2.4.1/Pebble/lib/libpebble.a(tmpO4BPkUpebble.o)
 .text.simple_menu_layer_set_selected_index
                0x0000000000000000        0xc /home/marcelle/pebble-dev/PebbleSDK-2.4.1/Pebble/lib/libpebble.a(tmpO4BPkUpebble.o)
 .text.sin_lookup
                0x0000000000000000        0xc /home/marcelle/pebble-dev/PebbleSDK-2.4.1/Pebble/lib/libpebble.a(tmpO4BPkUpebble.o)
 .text.srand    0x0000000000000000        0xc /home/marcelle/pebble-dev/PebbleSDK-2.4.1/Pebble/lib/libpebble.a(tmpO4BPkUpebble.o)
 .text.strcat   0x0000000000000000        0xc /home/marcelle/pebble-dev/PebbleSDK-2.4.1/Pebble/lib/libpebble.a(tmpO4BPkUpebble.o)
 .text.strcmp   0x0000000000000000        0xc /home/marcelle/pebble-dev/PebbleSDK-2.4.1/Pebble/lib/libpebble.a(tmpO4BPkUpebble.o)
 .text.strftime
                0x0000000000000000        0xc /home/marcelle/pebble-dev/PebbleSDK-2.4.1/Pebble/lib/libpebble.a(tmpO4BPkUpebble.o)
 .text.strncat  0x0000000000000000        0xc /home/marcelle/pebble-dev/PebbleSDK-2.4.1/Pebble/lib/libpebble.a(tmpO4BPkUpebble.o)
 .text.strncmp  0x0000000000000000        0xc /home/marcelle/pebble-dev/PebbleSDK-2.4.1/Pebble/lib/libpebble.a(tmpO4BPkUpebble.o)
 .text.text_layer_create
                0x0000000000000000        0xc /home/marcelle/pebble-dev/PebbleSDK-2.4.1/Pebble/lib/libpebble.a(tmpO4BPkUpebble.o)
 .text.text_layer_destroy
                0x0000000000000000        0xc /home/marcelle/pebble-dev/PebbleSDK-2.4.1/Pebble/lib/libpebble.a(tmpO4BPkUpebble.o)
 .text.text_layer_get_content_size
                0x0000000000000000        0xc /home/marcelle/pebble-dev/PebbleSDK-2.4.1/Pebble/lib/libpebble.a(tmpO4BPkUpebble.o)
 .text.text_layer_get_layer
                0x0000000000000000        0xc /home/marcelle/pebble-dev/PebbleSDK-2.4.1/Pebble/lib/libpebble.a(tmpO4BPkUpebble.o)
 .text.text_layer_get_text
                0x0000000000000000        0xc /home/marcelle/pebble-dev/PebbleSDK-2.4.1/Pebble/lib/libpebble.a(tmpO4BPkUpebble.o)
 .text.text_layer_set_background_color
                0x0000000000000000        0xc /home/marcelle/pebble-dev/PebbleSDK-2.4.1/Pebble/lib/libpebble.a(tmpO4BPkUpebble.o)
 .text.text_layer_set_font
                0x0000000000000000        0xc /home/marcelle/pebble-dev/PebbleSDK-2.4.1/Pebble/lib/libpebble.a(tmpO4BPkUpebble.o)
 .text.text_layer_set_overflow_mode
                0x0000000000000000        0xc /home/marcelle/pebble-dev/PebbleSDK-2.4.1/Pebble/lib/libpebble.a(tmpO4BPkUpebble.o)
 .text.text_layer_set_size
                0x0000000000000000        0xc /home/marcelle/pebble-dev/PebbleSDK-2.4.1/Pebble/lib/libpebble.a(tmpO4BPkUpebble.o)
 .text.text_layer_set_text
                0x0000000000000000        0xc /home/marcelle/pebble-dev/PebbleSDK-2.4.1/Pebble/lib/libpebble.a(tmpO4BPkUpebble.o)
 .text.text_layer_set_text_alignment
                0x0000000000000000        0xc /home/marcelle/pebble-dev/PebbleSDK-2.4.1/Pebble/lib/libpebble.a(tmpO4BPkUpebble.o)
 .text.text_layer_set_text_color
                0x0000000000000000        0xc /home/marcelle/pebble-dev/PebbleSDK-2.4.1/Pebble/lib/libpebble.a(tmpO4BPkUpebble.o)
 .text.vibes_cancel
                0x0000000000000000        0xc /home/marcelle/pebble-dev/PebbleSDK-2.4.1/Pebble/lib/libpebble.a(tmpO4BPkUpebble.o)
 .text.vibes_double_pulse
                0x0000000000000000        0xc /home/marcelle/pebble-dev/PebbleSDK-2.4.1/Pebble/lib/libpebble.a(tmpO4BPkUpebble.o)
 .text.vibes_enqueue_custom_pattern
                0x0000000000000000        0xc /home/marcelle/pebble-dev/PebbleSDK-2.4.1/Pebble/lib/libpebble.a(tmpO4BPkUpebble.o)
 .text.vibes_long_pulse
                0x0000000000000000        0xc /home/marcelle/pebble-dev/PebbleSDK-2.4.1/Pebble/lib/libpebble.a(tmpO4BPkUpebble.o)
 .text.vibes_short_pulse
                0x0000000000000000        0xc /home/marcelle/pebble-dev/PebbleSDK-2.4.1/Pebble/lib/libpebble.a(tmpO4BPkUpebble.o)
 .text.window_get_click_config_provider
                0x0000000000000000        0xc /home/marcelle/pebble-dev/PebbleSDK-2.4.1/Pebble/lib/libpebble.a(tmpO4BPkUpebble.o)
 .text.window_get_fullscreen
                0x0000000000000000        0xc /home/marcelle/pebble-dev/PebbleSDK-2.4.1/Pebble/lib/libpebble.a(tmpO4BPkUpebble.o)
 .text.window_is_loaded
                0x0000000000000000        0xc /home/marcelle/pebble-dev/PebbleSDK-2.4.1/Pebble/lib/libpebble.a(tmpO4BPkUpebble.o)
 .text.window_set_background_color
                0x0000000000000000        0xc /home/marcelle/pebble-dev/PebbleSDK-2.4.1/Pebble/lib/libpebble.a(tmpO4BPkUpebble.o)
 .text.window_set_click_config_provider_with_context
                0x0000000000000000        0xc /home/marcelle/pebble-dev/PebbleSDK-2.4.1/Pebble/lib/libpebble.a(tmpO4BPkUpebble.o)
 .text.window_set_fullscreen
                0x0000000000000000        0xc /home/marcelle/pebble-dev/PebbleSDK-2.4.1/Pebble/lib/libpebble.a(tmpO4BPkUpebble.o)
 .text.window_set_status_bar_icon
                0x0000000000000000        0xc /home/marcelle/pebble-dev/PebbleSDK-2.4.1/Pebble/lib/libpebble.a(tmpO4BPkUpebble.o)
 .text.window_stack_contains_window
                0x0000000000000000        0xc /home/marcelle/pebble-dev/PebbleSDK-2.4.1/Pebble/lib/libpebble.a(tmpO4BPkUpebble.o)
 .text.window_stack_get_top_window
                0x0000000000000000        0xc /home/marcelle/pebble-dev/PebbleSDK-2.4.1/Pebble/lib/libpebble.a(tmpO4BPkUpebble.o)
 .text.window_stack_pop
                0x0000000000000000        0xc /home/marcelle/pebble-dev/PebbleSDK-2.4.1/Pebble/lib/libpebble.a(tmpO4BPkUpebble.o)
 .text.window_stack_pop_all
                0x0000000000000000        0xc /home/marcelle/pebble-dev/PebbleSDK-2.4.1/Pebble/lib/libpebble.a(tmpO4BPkUpebble.o)
 .text.window_stack_remove
                0x0000000000000000        0xc /home/marcelle/pebble-dev/PebbleSDK-2.4.1/Pebble/lib/libpebble.a(tmpO4BPkUpebble.o)
 .text.app_focus_service_subscribe
                0x0000000000000000        0xc /home/marcelle/pebble-dev/PebbleSDK-2.4.1/Pebble/lib/libpebble.a(tmpO4BPkUpebble.o)
 .text.app_focus_service_unsubscribe
                0x0000000000000000        0xc /home/marcelle/pebble-dev/PebbleSDK-2.4.1/Pebble/lib/libpebble.a(tmpO4BPkUpebble.o)
 .text.window_get_user_data
                0x0000000000000000        0xc /home/marcelle/pebble-dev/PebbleSDK-2.4.1/Pebble/lib/libpebble.a(tmpO4BPkUpebble.o)
 .text.window_set_user_data
                0x0000000000000000        0xc /home/marcelle/pebble-dev/PebbleSDK-2.4.1/Pebble/lib/libpebble.a(tmpO4BPkUpebble.o)
 .text.app_message_get_context
                0x0000000000000000        0xc /home/marcelle/pebble-dev/PebbleSDK-2.4.1/Pebble/lib/libpebble.a(tmpO4BPkUpebble.o)
 .text.app_message_inbox_size_maximum
                0x0000000000000000        0xc /home/marcelle/pebble-dev/PebbleSDK-2.4.1/Pebble/lib/libpebble.a(tmpO4BPkUpebble.o)
 .text.app_message_outbox_size_maximum
                0x0000000000000000        0xc /home/marcelle/pebble-dev/PebbleSDK-2.4.1/Pebble/lib/libpebble.a(tmpO4BPkUpebble.o)
 .text.app_message_register_inbox_dropped
                0x0000000000000000        0xc /home/marcelle/pebble-dev/PebbleSDK-2.4.1/Pebble/lib/libpebble.a(tmpO4BPkUpebble.o)
 .text.app_message_register_inbox_received
                0x0000000000000000        0xc /home/marcelle/pebble-dev/PebbleSDK-2.4.1/Pebble/lib/libpebble.a(tmpO4BPkUpebble.o)
 .text.app_message_set_context
                0x0000000000000000        0xc /home/marcelle/pebble-dev/PebbleSDK-2.4.1/Pebble/lib/libpebble.a(tmpO4BPkUpebble.o)
 .text.window_long_click_subscribe
                0x0000000000000000        0xc /home/marcelle/pebble-dev/PebbleSDK-2.4.1/Pebble/lib/libpebble.a(tmpO4BPkUpebble.o)
 .text.window_multi_click_subscribe
                0x0000000000000000        0xc /home/marcelle/pebble-dev/PebbleSDK-2.4.1/Pebble/lib/libpebble.a(tmpO4BPkUpebble.o)
 .text.window_raw_click_subscribe
                0x0000000000000000        0xc /home/marcelle/pebble-dev/PebbleSDK-2.4.1/Pebble/lib/libpebble.a(tmpO4BPkUpebble.o)
 .text.window_set_click_context
                0x0000000000000000        0xc /home/marcelle/pebble-dev/PebbleSDK-2.4.1/Pebble/lib/libpebble.a(tmpO4BPkUpebble.o)
 .text.window_single_repeating_click_subscribe
                0x0000000000000000        0xc /home/marcelle/pebble-dev/PebbleSDK-2.4.1/Pebble/lib/libpebble.a(tmpO4BPkUpebble.o)
 .text.dict_serialize_tuplets_to_buffer
                0x0000000000000000        0xc /home/marcelle/pebble-dev/PebbleSDK-2.4.1/Pebble/lib/libpebble.a(tmpO4BPkUpebble.o)
 .text.persist_read_data
                0x0000000000000000        0xc /home/marcelle/pebble-dev/PebbleSDK-2.4.1/Pebble/lib/libpebble.a(tmpO4BPkUpebble.o)
 .text.persist_read_string
                0x0000000000000000        0xc /home/marcelle/pebble-dev/PebbleSDK-2.4.1/Pebble/lib/libpebble.a(tmpO4BPkUpebble.o)
 .text.persist_write_data
                0x0000000000000000        0xc /home/marcelle/pebble-dev/PebbleSDK-2.4.1/Pebble/lib/libpebble.a(tmpO4BPkUpebble.o)
 .text.dict_size
                0x0000000000000000        0xc /home/marcelle/pebble-dev/PebbleSDK-2.4.1/Pebble/lib/libpebble.a(tmpO4BPkUpebble.o)
 .text.simple_menu_layer_get_menu_layer
                0x0000000000000000        0xc /home/marcelle/pebble-dev/PebbleSDK-2.4.1/Pebble/lib/libpebble.a(tmpO4BPkUpebble.o)
 .text.calloc   0x0000000000000000        0xc /home/marcelle/pebble-dev/PebbleSDK-2.4.1/Pebble/lib/libpebble.a(tmpO4BPkUpebble.o)
 .text.bitmap_layer_get_bitmap
                0x0000000000000000        0xc /home/marcelle/pebble-dev/PebbleSDK-2.4.1/Pebble/lib/libpebble.a(tmpO4BPkUpebble.o)
 .text.window_get_click_config_context
                0x0000000000000000        0xc /home/marcelle/pebble-dev/PebbleSDK-2.4.1/Pebble/lib/libpebble.a(tmpO4BPkUpebble.o)
 .text.number_window_get_window
                0x0000000000000000        0xc /home/marcelle/pebble-dev/PebbleSDK-2.4.1/Pebble/lib/libpebble.a(tmpO4BPkUpebble.o)
 .text.realloc  0x0000000000000000        0xc /home/marcelle/pebble-dev/PebbleSDK-2.4.1/Pebble/lib/libpebble.a(tmpO4BPkUpebble.o)
 .text.gbitmap_create_blank
                0x0000000000000000        0xc /home/marcelle/pebble-dev/PebbleSDK-2.4.1/Pebble/lib/libpebble.a(tmpO4BPkUpebble.o)
 .text.click_recognizer_is_repeating
                0x0000000000000000        0xc /home/marcelle/pebble-dev/PebbleSDK-2.4.1/Pebble/lib/libpebble.a(tmpO4BPkUpebble.o)
 .bss           0x0000000000000000        0x0 /home/marcelle/pebble-dev/PebbleSDK-2.4.1/arm-cs-tools/bin/../lib/gcc/arm-none-eabi/4.7.2/thumb2/libgcc.a(_arm_addsubsf3.o)
 .bss           0x0000000000000000        0x0 /home/marcelle/pebble-dev/PebbleSDK-2.4.1/arm-cs-tools/bin/../lib/gcc/arm-none-eabi/4.7.2/thumb2/libgcc.a(_arm_muldivsf3.o)
 .bss           0x0000000000000000        0x0 /home/marcelle/pebble-dev/PebbleSDK-2.4.1/arm-cs-tools/bin/../lib/gcc/arm-none-eabi/4.7.2/thumb2/libgcc.a(_arm_fixsfsi.o)
 .text          0x0000000000000000        0x0 /home/marcelle/pebble-dev/PebbleSDK-2.4.1/arm-cs-tools/bin/../lib/gcc/arm-none-eabi/4.7.2/thumb2/crtend.o
 .bss           0x0000000000000000        0x0 /home/marcelle/pebble-dev/PebbleSDK-2.4.1/arm-cs-tools/bin/../lib/gcc/arm-none-eabi/4.7.2/thumb2/crtend.o
 .eh_frame      0x0000000000000000        0x4 /home/marcelle/pebble-dev/PebbleSDK-2.4.1/arm-cs-tools/bin/../lib/gcc/arm-none-eabi/4.7.2/thumb2/crtend.o
 .jcr           0x0000000000000000        0x4 /home/marcelle/pebble-dev/PebbleSDK-2.4.1/arm-cs-tools/bin/../lib/gcc/arm-none-eabi/4.7.2/thumb2/crtend.o
 .tm_clone_table
                0x0000000000000000        0x0 /home/marcelle/pebble-dev/PebbleSDK-2.4.1/arm-cs-tools/bin/../lib/gcc/arm-none-eabi/4.7.2/thumb2/crtend.o
 .text          0x0000000000000000        0x0 /home/marcelle/pebble-dev/PebbleSDK-2.4.1/arm-cs-tools/bin/../lib/gcc/arm-none-eabi/4.7.2/thumb2/crtn.o
 .bss           0x0000000000000000        0x0 /home/marcelle/pebble-dev/PebbleSDK-2.4.1/arm-cs-tools/bin/../lib/gcc/arm-none-eabi/4.7.2/thumb2/crtn.o
 .init          0x0000000000000000        0x8 /home/marcelle/pebble-dev/PebbleSDK-2.4.1/arm-cs-tools/bin/../lib/gcc/arm-none-eabi/4.7.2/thumb2/crtn.o
 .fini          0x0000000000000000        0x8 /home/marcelle/pebble-dev/PebbleSDK-2.4.1/arm-cs-tools/bin/../lib/gcc/arm-none-eabi/4.7.2/thumb2/crtn.o

Memory Configuration

Name             Origin             Length             Attributes
APP              0x0000000000000000 0x0000000000006000 xrw
*default*        0x0000000000000000 0xffffffffffffffff

Linker script and memory map

LOAD /home/marcelle/pebble-dev/PebbleSDK-2.4.1/arm-cs-tools/bin/../lib/gcc/arm-none-eabi/4.7.2/thumb2/crti.o
LOAD /home/marcelle/pebble-dev/PebbleSDK-2.4.1/arm-cs-tools/bin/../lib/gcc/arm-none-eabi/4.7.2/thumb2/crtbegin.o
LOAD src/main.c.7.o
LOAD src/strap/accl.c.7.o
LOAD src/strap/strap.c.7.o
LOAD appinfo.auto.c.7.o
LOAD /home/marcelle/pebble-dev/PebbleSDK-2.4.1/Pebble/lib/libpebble.a
START GROUP
LOAD /home/marcelle/pebble-dev/PebbleSDK-2.4.1/arm-cs-tools/bin/../lib/gcc/arm-none-eabi/4.7.2/thumb2/libgcc.a
LOAD /home/marcelle/pebble-dev/PebbleSDK-2.4.1/arm-cs-tools/bin/../lib/gcc/arm-none-eabi/4.7.2/../../../../arm-none-eabi/lib/thumb2/libc.a
END GROUP
LOAD /home/marcelle/pebble-dev/PebbleSDK-2.4.1/arm-cs-tools/bin/../lib/gcc/arm-none-eabi/4.7.2/thumb2/crtend.o
LOAD /home/marcelle/pebble-dev/PebbleSDK-2.4.1/arm-cs-tools/bin/../lib/gcc/arm-none-eabi/4.7.2/thumb2/crtn.o

.header         0x0000000000000000       0x82
 *(.pbl_header)
 .pbl_header    0x0000000000000000       0x82 appinfo.auto.c.7.o
                0x0000000000000000                __pbl_app_info

.text           0x0000000000000084     0x2001
 *(.text)
 .text          0x0000000000000084       0x14 /home/marcelle/pebble-dev/PebbleSDK-2.4.1/Pebble/lib/libpebble.a(tmpO4BPkUpebble.o)
 .text          0x0000000000000098      0x21c /home/marcelle/pebble-dev/PebbleSDK-2.4.1/arm-cs-tools/bin/../lib/gcc/arm-none-eabi/4.7.2/thumb2/libgcc.a(_arm_addsubsf3.o)
                0x0000000000000098                __aeabi_frsub
                0x00000000000000a0                __subsf3
                0x00000000000000a0                __aeabi_fsub
                0x00000000000000a4                __aeabi_fadd
                0x00000000000000a4                __addsf3
                0x0000000000000204                __aeabi_ui2f
                0x0000000000000204                __floatunsisf
                0x000000000000020c                __aeabi_i2f
                0x000000000000020c                __floatsisf
                0x0000000000000228                __floatundisf
                0x0000000000000228                __aeabi_ul2f
                0x0000000000000238                __floatdisf
                0x0000000000000238                __aeabi_l2f
 .text          0x00000000000002b4      0x2a0 /home/marcelle/pebble-dev/PebbleSDK-2.4.1/arm-cs-tools/bin/../lib/gcc/arm-none-eabi/4.7.2/thumb2/libgcc.a(_arm_muldivsf3.o)
                0x00000000000002b4                __mulsf3
                0x00000000000002b4                __aeabi_fmul
                0x000000000000041c                __divsf3
                0x000000000000041c                __aeabi_fdiv
 .text          0x0000000000000554       0x4c /home/marcelle/pebble-dev/PebbleSDK-2.4.1/arm-cs-tools/bin/../lib/gcc/arm-none-eabi/4.7.2/thumb2/libgcc.a(_arm_fixsfsi.o)
                0x0000000000000554                __fixsfsi
                0x0000000000000554                __aeabi_f2iz
 *(.text.*)
 .text.menu_get_num_sections_callback
                0x00000000000005a0        0x4 src/main.c.7.o
 .text.menu_layer_get_cell_height_callback
                0x00000000000005a4        0xc src/main.c.7.o
 .text.menu_get_header_height_callback
                0x00000000000005b0        0x4 src/main.c.7.o
 .text.click_config_provider
                0x00000000000005b4       0x30 src/main.c.7.o
 .text.down_click_handler
                0x00000000000005e4        0xc src/main.c.7.o
 .text.up_click_handler
                0x00000000000005f0        0xc src/main.c.7.o
 .text.select_click_handler
                0x00000000000005fc        0xc src/main.c.7.o
 .text.window_unload
                0x0000000000000608       0x10 src/main.c.7.o
                0x0000000000000608                window_unload
 .text.window_load
                0x0000000000000618      0x47c src/main.c.7.o
                0x0000000000000618                window_load
 .text.menu_draw_row_callback
                0x0000000000000a94      0x4c4 src/main.c.7.o
 .text.menu_get_num_rows_callback
                0x0000000000000f58       0x20 src/main.c.7.o
 .text.menu_draw_header_callback
                0x0000000000000f78       0x48 src/main.c.7.o
 .text.startup.main
                0x0000000000000fc0       0x6c src/main.c.7.o
                0x0000000000000fc0                main
 .text.accl_out_received_handler
                0x000000000000102c       0x1c src/strap/accl.c.7.o
                0x000000000000102c                accl_out_received_handler
 .text.accel_data_handler
                0x0000000000001048       0x8c src/strap/accl.c.7.o
                0x0000000000001048                accel_data_handler
 .text.accl_out_failed_handler
                0x00000000000010d4       0x3c src/strap/accl.c.7.o
                0x00000000000010d4                accl_out_failed_handler
 .text.handle_second_tick
                0x0000000000001110       0x80 src/strap/accl.c.7.o
                0x0000000000001110                handle_second_tick
 .text.request_send_acc
                0x0000000000001190      0x1a4 src/strap/accl.c.7.o
                0x0000000000001190                request_send_acc
 .text.timer_callback
                0x0000000000001334       0x44 src/strap/accl.c.7.o
                0x0000000000001334                timer_callback
 .text.accl_init
                0x0000000000001378       0x70 src/strap/accl.c.7.o
                0x0000000000001378                accl_init
 .text.accl_deinit
                0x00000000000013e8       0x10 src/strap/accl.c.7.o
                0x00000000000013e8                accl_deinit
 .text.log_action
                0x00000000000013f8       0x90 src/strap/strap.c.7.o
 .text.app_timer_accl_stop
                0x0000000000001488       0x74 src/strap/strap.c.7.o
 .text.app_timer_accl_start
                0x00000000000014fc       0x60 src/strap/strap.c.7.o
 .text.send_next_log.isra.0
                0x000000000000155c       0x68 src/strap/strap.c.7.o
 .text.strap_out_failed_handler
                0x00000000000015c4       0x14 src/strap/strap.c.7.o
                0x00000000000015c4                strap_out_failed_handler
 .text.strap_out_sent_handler
                0x00000000000015d8       0x14 src/strap/strap.c.7.o
                0x00000000000015d8                strap_out_sent_handler
 .text.strap_log_action
                0x00000000000015ec       0x1a src/strap/strap.c.7.o
                0x00000000000015ec                strap_log_action
 *fill*         0x0000000000001606        0x2 
 .text.strap_deinit
                0x0000000000001608       0x2c src/strap/strap.c.7.o
                0x0000000000001608                strap_deinit
 .text.app_timer_battery
                0x0000000000001634       0x98 src/strap/strap.c.7.o
 .text.strap_log_event
                0x00000000000016cc       0x1a src/strap/strap.c.7.o
                0x00000000000016cc                strap_log_event
 *fill*         0x00000000000016e6        0x2 
 .text.strap_set_activity
                0x00000000000016e8       0x10 src/strap/strap.c.7.o
                0x00000000000016e8                strap_set_activity
 .text.strap_init
                0x00000000000016f8       0xd4 src/strap/strap.c.7.o
                0x00000000000016f8                strap_init
 .text.accel_service_set_sampling_rate
                0x00000000000017cc        0xc /home/marcelle/pebble-dev/PebbleSDK-2.4.1/Pebble/lib/libpebble.a(tmpO4BPkUpebble.o)
                0x00000000000017cc                accel_service_set_sampling_rate
 .text.app_comm_set_sniff_interval
                0x00000000000017d8        0xc /home/marcelle/pebble-dev/PebbleSDK-2.4.1/Pebble/lib/libpebble.a(tmpO4BPkUpebble.o)
                0x00000000000017d8                app_comm_set_sniff_interval
 .text.app_event_loop
                0x00000000000017e4        0xc /home/marcelle/pebble-dev/PebbleSDK-2.4.1/Pebble/lib/libpebble.a(tmpO4BPkUpebble.o)
                0x00000000000017e4                app_event_loop
 .text.app_log  0x00000000000017f0        0xc /home/marcelle/pebble-dev/PebbleSDK-2.4.1/Pebble/lib/libpebble.a(tmpO4BPkUpebble.o)
                0x00000000000017f0                app_log
 .text.app_timer_cancel
                0x00000000000017fc        0xc /home/marcelle/pebble-dev/PebbleSDK-2.4.1/Pebble/lib/libpebble.a(tmpO4BPkUpebble.o)
                0x00000000000017fc                app_timer_cancel
 .text.app_timer_register
                0x0000000000001808        0xc /home/marcelle/pebble-dev/PebbleSDK-2.4.1/Pebble/lib/libpebble.a(tmpO4BPkUpebble.o)
                0x0000000000001808                app_timer_register
 .text.app_timer_reschedule
                0x0000000000001814        0xc /home/marcelle/pebble-dev/PebbleSDK-2.4.1/Pebble/lib/libpebble.a(tmpO4BPkUpebble.o)
                0x0000000000001814                app_timer_reschedule
 .text.battery_state_service_peek
                0x0000000000001820        0xc /home/marcelle/pebble-dev/PebbleSDK-2.4.1/Pebble/lib/libpebble.a(tmpO4BPkUpebble.o)
                0x0000000000001820                battery_state_service_peek
 .text.bluetooth_connection_service_peek
                0x000000000000182c        0xc /home/marcelle/pebble-dev/PebbleSDK-2.4.1/Pebble/lib/libpebble.a(tmpO4BPkUpebble.o)
                0x000000000000182c                bluetooth_connection_service_peek
 .text.dict_write_end
                0x0000000000001838        0xc /home/marcelle/pebble-dev/PebbleSDK-2.4.1/Pebble/lib/libpebble.a(tmpO4BPkUpebble.o)
                0x0000000000001838                dict_write_end
 .text.dict_write_tuplet
                0x0000000000001844        0xc /home/marcelle/pebble-dev/PebbleSDK-2.4.1/Pebble/lib/libpebble.a(tmpO4BPkUpebble.o)
                0x0000000000001844                dict_write_tuplet
 .text.fonts_get_system_font
                0x0000000000001850        0xc /home/marcelle/pebble-dev/PebbleSDK-2.4.1/Pebble/lib/libpebble.a(tmpO4BPkUpebble.o)
                0x0000000000001850                fonts_get_system_font
 .text.graphics_context_set_text_color
                0x000000000000185c        0xc /home/marcelle/pebble-dev/PebbleSDK-2.4.1/Pebble/lib/libpebble.a(tmpO4BPkUpebble.o)
                0x000000000000185c                graphics_context_set_text_color
 .text.layer_add_child
                0x0000000000001868        0xc /home/marcelle/pebble-dev/PebbleSDK-2.4.1/Pebble/lib/libpebble.a(tmpO4BPkUpebble.o)
                0x0000000000001868                layer_add_child
 .text.layer_get_frame
                0x0000000000001874        0xc /home/marcelle/pebble-dev/PebbleSDK-2.4.1/Pebble/lib/libpebble.a(tmpO4BPkUpebble.o)
                0x0000000000001874                layer_get_frame
 .text.localtime
                0x0000000000001880        0xc /home/marcelle/pebble-dev/PebbleSDK-2.4.1/Pebble/lib/libpebble.a(tmpO4BPkUpebble.o)
                0x0000000000001880                localtime
 .text.memset   0x000000000000188c        0xc /home/marcelle/pebble-dev/PebbleSDK-2.4.1/Pebble/lib/libpebble.a(tmpO4BPkUpebble.o)
                0x000000000000188c                memset
 .text.menu_cell_basic_header_draw
                0x0000000000001898        0xc /home/marcelle/pebble-dev/PebbleSDK-2.4.1/Pebble/lib/libpebble.a(tmpO4BPkUpebble.o)
                0x0000000000001898                menu_cell_basic_header_draw
 .text.menu_layer_create
                0x00000000000018a4        0xc /home/marcelle/pebble-dev/PebbleSDK-2.4.1/Pebble/lib/libpebble.a(tmpO4BPkUpebble.o)
                0x00000000000018a4                menu_layer_create
 .text.menu_layer_destroy
                0x00000000000018b0        0xc /home/marcelle/pebble-dev/PebbleSDK-2.4.1/Pebble/lib/libpebble.a(tmpO4BPkUpebble.o)
                0x00000000000018b0                menu_layer_destroy
 .text.menu_layer_get_layer
                0x00000000000018bc        0xc /home/marcelle/pebble-dev/PebbleSDK-2.4.1/Pebble/lib/libpebble.a(tmpO4BPkUpebble.o)
                0x00000000000018bc                menu_layer_get_layer
 .text.menu_layer_set_click_config_onto_window
                0x00000000000018c8        0xc /home/marcelle/pebble-dev/PebbleSDK-2.4.1/Pebble/lib/libpebble.a(tmpO4BPkUpebble.o)
                0x00000000000018c8                menu_layer_set_click_config_onto_window
 .text.menu_layer_set_selected_index
                0x00000000000018d4        0xc /home/marcelle/pebble-dev/PebbleSDK-2.4.1/Pebble/lib/libpebble.a(tmpO4BPkUpebble.o)
                0x00000000000018d4                menu_layer_set_selected_index
 .text.persist_delete
                0x00000000000018e0        0xc /home/marcelle/pebble-dev/PebbleSDK-2.4.1/Pebble/lib/libpebble.a(tmpO4BPkUpebble.o)
                0x00000000000018e0                persist_delete
 .text.persist_read_bool
                0x00000000000018ec        0xc /home/marcelle/pebble-dev/PebbleSDK-2.4.1/Pebble/lib/libpebble.a(tmpO4BPkUpebble.o)
                0x00000000000018ec                persist_read_bool
 .text.persist_write_bool
                0x00000000000018f8        0xc /home/marcelle/pebble-dev/PebbleSDK-2.4.1/Pebble/lib/libpebble.a(tmpO4BPkUpebble.o)
                0x00000000000018f8                persist_write_bool
 .text.snprintf
                0x0000000000001904        0xc /home/marcelle/pebble-dev/PebbleSDK-2.4.1/Pebble/lib/libpebble.a(tmpO4BPkUpebble.o)
                0x0000000000001904                snprintf
 .text.strcpy   0x0000000000001910        0xc /home/marcelle/pebble-dev/PebbleSDK-2.4.1/Pebble/lib/libpebble.a(tmpO4BPkUpebble.o)
                0x0000000000001910                strcpy
 .text.strlen   0x000000000000191c        0xc /home/marcelle/pebble-dev/PebbleSDK-2.4.1/Pebble/lib/libpebble.a(tmpO4BPkUpebble.o)
                0x000000000000191c                strlen
 .text.strncpy  0x0000000000001928        0xc /home/marcelle/pebble-dev/PebbleSDK-2.4.1/Pebble/lib/libpebble.a(tmpO4BPkUpebble.o)
                0x0000000000001928                strncpy
 .text.tick_timer_service_subscribe
                0x0000000000001934        0xc /home/marcelle/pebble-dev/PebbleSDK-2.4.1/Pebble/lib/libpebble.a(tmpO4BPkUpebble.o)
                0x0000000000001934                tick_timer_service_subscribe
 .text.tick_timer_service_unsubscribe
                0x0000000000001940        0xc /home/marcelle/pebble-dev/PebbleSDK-2.4.1/Pebble/lib/libpebble.a(tmpO4BPkUpebble.o)
                0x0000000000001940                tick_timer_service_unsubscribe
 .text.time     0x000000000000194c        0xc /home/marcelle/pebble-dev/PebbleSDK-2.4.1/Pebble/lib/libpebble.a(tmpO4BPkUpebble.o)
                0x000000000000194c                time
 .text.time_ms  0x0000000000001958        0xc /home/marcelle/pebble-dev/PebbleSDK-2.4.1/Pebble/lib/libpebble.a(tmpO4BPkUpebble.o)
                0x0000000000001958                time_ms
 .text.window_create
                0x0000000000001964        0xc /home/marcelle/pebble-dev/PebbleSDK-2.4.1/Pebble/lib/libpebble.a(tmpO4BPkUpebble.o)
                0x0000000000001964                window_create
 .text.window_destroy
                0x0000000000001970        0xc /home/marcelle/pebble-dev/PebbleSDK-2.4.1/Pebble/lib/libpebble.a(tmpO4BPkUpebble.o)
                0x0000000000001970                window_destroy
 .text.window_get_root_layer
                0x000000000000197c        0xc /home/marcelle/pebble-dev/PebbleSDK-2.4.1/Pebble/lib/libpebble.a(tmpO4BPkUpebble.o)
                0x000000000000197c                window_get_root_layer
 .text.window_set_click_config_provider
                0x0000000000001988        0xc /home/marcelle/pebble-dev/PebbleSDK-2.4.1/Pebble/lib/libpebble.a(tmpO4BPkUpebble.o)
                0x0000000000001988                window_set_click_config_provider
 .text.window_set_window_handlers
                0x0000000000001994        0xc /home/marcelle/pebble-dev/PebbleSDK-2.4.1/Pebble/lib/libpebble.a(tmpO4BPkUpebble.o)
                0x0000000000001994                window_set_window_handlers
 .text.window_stack_push
                0x00000000000019a0        0xc /home/marcelle/pebble-dev/PebbleSDK-2.4.1/Pebble/lib/libpebble.a(tmpO4BPkUpebble.o)
                0x00000000000019a0                window_stack_push
 .text.app_message_outbox_begin
                0x00000000000019ac        0xc /home/marcelle/pebble-dev/PebbleSDK-2.4.1/Pebble/lib/libpebble.a(tmpO4BPkUpebble.o)
                0x00000000000019ac                app_message_outbox_begin
 .text.app_message_outbox_send
                0x00000000000019b8        0xc /home/marcelle/pebble-dev/PebbleSDK-2.4.1/Pebble/lib/libpebble.a(tmpO4BPkUpebble.o)
                0x00000000000019b8                app_message_outbox_send
 .text.app_message_register_outbox_failed
                0x00000000000019c4        0xc /home/marcelle/pebble-dev/PebbleSDK-2.4.1/Pebble/lib/libpebble.a(tmpO4BPkUpebble.o)
                0x00000000000019c4                app_message_register_outbox_failed
 .text.app_message_register_outbox_sent
                0x00000000000019d0        0xc /home/marcelle/pebble-dev/PebbleSDK-2.4.1/Pebble/lib/libpebble.a(tmpO4BPkUpebble.o)
                0x00000000000019d0                app_message_register_outbox_sent
 .text.window_single_click_subscribe
                0x00000000000019dc        0xc /home/marcelle/pebble-dev/PebbleSDK-2.4.1/Pebble/lib/libpebble.a(tmpO4BPkUpebble.o)
                0x00000000000019dc                window_single_click_subscribe
 .text.graphics_draw_text
                0x00000000000019e8        0xc /home/marcelle/pebble-dev/PebbleSDK-2.4.1/Pebble/lib/libpebble.a(tmpO4BPkUpebble.o)
                0x00000000000019e8                graphics_draw_text
 .text.graphics_text_layout_get_content_size
                0x00000000000019f4        0xc /home/marcelle/pebble-dev/PebbleSDK-2.4.1/Pebble/lib/libpebble.a(tmpO4BPkUpebble.o)
                0x00000000000019f4                graphics_text_layout_get_content_size
 .text.accel_data_service_subscribe
                0x0000000000001a00        0xc /home/marcelle/pebble-dev/PebbleSDK-2.4.1/Pebble/lib/libpebble.a(tmpO4BPkUpebble.o)
                0x0000000000001a00                accel_data_service_subscribe
 .text.menu_layer_set_callbacks
                0x0000000000001a0c        0xc /home/marcelle/pebble-dev/PebbleSDK-2.4.1/Pebble/lib/libpebble.a(tmpO4BPkUpebble.o)
                0x0000000000001a0c                menu_layer_set_callbacks
 *(.rodata)
 .rodata        0x0000000000001a18       0x28 src/main.c.7.o
 *(.rodata*)
 .rodata.sunday_hours
                0x0000000000001a40       0x18 src/main.c.7.o
 .rodata.thursday_hours
                0x0000000000001a58       0x30 src/main.c.7.o
 .rodata.friday_hours
                0x0000000000001a88       0x38 src/main.c.7.o
 .rodata.saturday_hours
                0x0000000000001ac0       0x24 src/main.c.7.o
 .rodata.str1.1
                0x0000000000001ae4      0x473 src/main.c.7.o
                                        0x48e (size before relaxing)
 .rodata.str1.1
                0x0000000000001f57       0xc8 src/strap/accl.c.7.o
                                         0xcc (size before relaxing)
 .rodata.str1.1
                0x000000000000201f       0x66 src/strap/strap.c.7.o
                                         0x67 (size before relaxing)

.glue_7         0x0000000000002088        0x0
 .glue_7        0x0000000000000000        0x0 linker stubs

.glue_7t        0x0000000000002088        0x0
 .glue_7t       0x0000000000000000        0x0 linker stubs

.vfp11_veneer   0x0000000000002088        0x0
 .vfp11_veneer  0x0000000000000000        0x0 linker stubs

.v4_bx          0x0000000000002088        0x0
 .v4_bx         0x0000000000000000        0x0 linker stubs

.iplt           0x0000000000002088        0x0
 .iplt          0x0000000000000000        0x0 /home/marcelle/pebble-dev/PebbleSDK-2.4.1/arm-cs-tools/bin/../lib/gcc/arm-none-eabi/4.7.2/thumb2/crtbegin.o

.rel.dyn        0x0000000000002088        0x0
 .rel.iplt      0x0000000000000000        0x0 /home/marcelle/pebble-dev/PebbleSDK-2.4.1/arm-cs-tools/bin/../lib/gcc/arm-none-eabi/4.7.2/thumb2/crtbegin.o
 .rel.got       0x0000000000000000        0x0 /home/marcelle/pebble-dev/PebbleSDK-2.4.1/arm-cs-tools/bin/../lib/gcc/arm-none-eabi/4.7.2/thumb2/crtbegin.o

.data           0x0000000000002088       0x54
 *(.data)
 .data          0x0000000000002088        0x0 /home/marcelle/pebble-dev/PebbleSDK-2.4.1/arm-cs-tools/bin/../lib/gcc/arm-none-eabi/4.7.2/thumb2/crti.o
 .data          0x0000000000002088        0x4 /home/marcelle/pebble-dev/PebbleSDK-2.4.1/arm-cs-tools/bin/../lib/gcc/arm-none-eabi/4.7.2/thumb2/crtbegin.o
                0x0000000000002088                __dso_handle
 .data          0x000000000000208c        0x0 src/main.c.7.o
 .data          0x000000000000208c        0x0 src/strap/accl.c.7.o
 .data          0x000000000000208c        0x0 src/strap/strap.c.7.o
 .data          0x000000000000208c        0x0 appinfo.auto.c.7.o
 .data          0x000000000000208c        0x0 /home/marcelle/pebble-dev/PebbleSDK-2.4.1/Pebble/lib/libpebble.a(tmpO4BPkUpebble.o)
 .data          0x000000000000208c        0x0 /home/marcelle/pebble-dev/PebbleSDK-2.4.1/arm-cs-tools/bin/../lib/gcc/arm-none-eabi/4.7.2/thumb2/libgcc.a(_arm_addsubsf3.o)
 .data          0x000000000000208c        0x0 /home/marcelle/pebble-dev/PebbleSDK-2.4.1/arm-cs-tools/bin/../lib/gcc/arm-none-eabi/4.7.2/thumb2/libgcc.a(_arm_muldivsf3.o)
 .data          0x000000000000208c        0x0 /home/marcelle/pebble-dev/PebbleSDK-2.4.1/arm-cs-tools/bin/../lib/gcc/arm-none-eabi/4.7.2/thumb2/libgcc.a(_arm_fixsfsi.o)
 .data          0x000000000000208c        0x0 /home/marcelle/pebble-dev/PebbleSDK-2.4.1/arm-cs-tools/bin/../lib/gcc/arm-none-eabi/4.7.2/thumb2/crtend.o
 .data          0x000000000000208c        0x0 /home/marcelle/pebble-dev/PebbleSDK-2.4.1/arm-cs-tools/bin/../lib/gcc/arm-none-eabi/4.7.2/thumb2/crtn.o
 *(.data.*)
 .data.count_text.6476
                0x000000000000208c       0x45 src/strap/accl.c.7.o
 .data.sample_freq
                0x00000000000020d1        0x1 src/strap/accl.c.7.o
                0x00000000000020d1                sample_freq
 *fill*         0x00000000000020d2        0x2 
 .data.rel.local.iter
                0x00000000000020d4        0x4 src/strap/accl.c.7.o
 .data.curFreq  0x00000000000020d8        0x4 src/strap/strap.c.7.o

.igot.plt       0x00000000000020dc        0x0
 .igot.plt      0x0000000000000000        0x0 /home/marcelle/pebble-dev/PebbleSDK-2.4.1/arm-cs-tools/bin/../lib/gcc/arm-none-eabi/4.7.2/thumb2/crtbegin.o

.got            0x00000000000020dc        0x8
 .got           0x00000000000020dc        0x8 /home/marcelle/pebble-dev/PebbleSDK-2.4.1/arm-cs-tools/bin/../lib/gcc/arm-none-eabi/4.7.2/thumb2/crtbegin.o

.got.plt        0x00000000000020e4        0xc
 .got.plt       0x00000000000020e4        0xc /home/marcelle/pebble-dev/PebbleSDK-2.4.1/arm-cs-tools/bin/../lib/gcc/arm-none-eabi/4.7.2/thumb2/crtbegin.o
                0x00000000000020e4                _GLOBAL_OFFSET_TABLE_

.bss            0x00000000000020f0      0x81c
 *(.bss)
 *(.bss.*)
 .bss.thursday_times
                0x00000000000020f0       0x30 src/main.c.7.o
 .bss.menu_layer
                0x0000000000002120        0x4 src/main.c.7.o
 .bss.saturday_times
                0x0000000000002124       0x24 src/main.c.7.o
 .bss.sunday_times
                0x0000000000002148       0x18 src/main.c.7.o
 .bss.friday_events
                0x0000000000002160       0x38 src/main.c.7.o
 .bss.thursday_events
                0x0000000000002198       0x30 src/main.c.7.o
 .bss.friday_times
                0x00000000000021c8       0x38 src/main.c.7.o
 .bss.saturday_events
                0x0000000000002200       0x24 src/main.c.7.o
 .bss.sunday_events
                0x0000000000002224       0x18 src/main.c.7.o
 .bss.window    0x000000000000223c        0x4 src/main.c.7.o
 .bss.cur_activity
                0x0000000000002240        0xf src/strap/accl.c.7.o
 .bss.accl_data
                0x000000000000224f       0x96 src/strap/accl.c.7.o
 .bss.waiting_data
                0x00000000000022e5        0x1 src/strap/accl.c.7.o
                0x00000000000022e5                waiting_data
 .bss.msg_run   0x00000000000022e6        0x1 src/strap/accl.c.7.o
                0x00000000000022e6                msg_run
 *fill*         0x00000000000022e7        0x1 
 .bss.ack_count
                0x00000000000022e8        0x2 src/strap/accl.c.7.o
                0x00000000000022e8                ack_count
 *fill*         0x00000000000022ea        0x2 
 .bss.dict_iter
                0x00000000000022ec        0xc src/strap/accl.c.7.o
 .bss.acc_count
                0x00000000000022f8        0x2 src/strap/accl.c.7.o
                0x00000000000022f8                acc_count
 .bss.sample_count
                0x00000000000022fa        0x2 src/strap/accl.c.7.o
                0x00000000000022fa                sample_count
 .bss.fail_count
                0x00000000000022fc        0x2 src/strap/accl.c.7.o
                0x00000000000022fc                fail_count
 *fill*         0x00000000000022fe        0x2 
 .bss.acclStart
                0x0000000000002300        0x4 src/strap/strap.c.7.o
 .bss.cur_activity
                0x0000000000002304        0xf src/strap/strap.c.7.o
 *fill*         0x0000000000002313        0x1 
 .bss.acclStop  0x0000000000002314        0x4 src/strap/strap.c.7.o
 .bss.report_accl
                0x0000000000002318        0x4 src/strap/strap.c.7.o
 .bss.logqueue  0x000000000000231c      0x5dc src/strap/strap.c.7.o
 .bss.battTimer
                0x00000000000028f8        0x4 src/strap/strap.c.7.o
 .bss.curLog    0x00000000000028fc        0x4 src/strap/strap.c.7.o
 COMMON         0x0000000000002900        0xc src/strap/accl.c.7.o
                0x0000000000002900                timer
                0x0000000000002904                acc_data
                0x0000000000002908                acc_time

DISCARD
 libc.a(*)
 libm.a(*)
 libgcc.a(*)
 *(.eh_frame)
OUTPUT(/home/marcelle/Code/strap/experiment/PebbleRetreatSchedule/retreat_schedule/build/pebble-app.elf elf32-littlearm)

.ARM.attributes
                0x0000000000000000       0x27
 .ARM.attributes
                0x0000000000000000       0x19 /home/marcelle/pebble-dev/PebbleSDK-2.4.1/arm-cs-tools/bin/../lib/gcc/arm-none-eabi/4.7.2/thumb2/crti.o
 .ARM.attributes
                0x0000000000000019       0x29 /home/marcelle/pebble-dev/PebbleSDK-2.4.1/arm-cs-tools/bin/../lib/gcc/arm-none-eabi/4.7.2/thumb2/crtbegin.o
 .ARM.attributes
                0x0000000000000042       0x33 src/main.c.7.o
 .ARM.attributes
                0x0000000000000075       0x33 src/strap/accl.c.7.o
 .ARM.attributes
                0x00000000000000a8       0x33 src/strap/strap.c.7.o
 .ARM.attributes
                0x00000000000000db       0x33 appinfo.auto.c.7.o
 .ARM.attributes
                0x000000000000010e       0x21 /home/marcelle/pebble-dev/PebbleSDK-2.4.1/Pebble/lib/libpebble.a(tmpO4BPkUpebble.o)
 .ARM.attributes
                0x000000000000012f       0x19 /home/marcelle/pebble-dev/PebbleSDK-2.4.1/arm-cs-tools/bin/../lib/gcc/arm-none-eabi/4.7.2/thumb2/libgcc.a(_arm_addsubsf3.o)
 .ARM.attributes
                0x0000000000000148       0x19 /home/marcelle/pebble-dev/PebbleSDK-2.4.1/arm-cs-tools/bin/../lib/gcc/arm-none-eabi/4.7.2/thumb2/libgcc.a(_arm_muldivsf3.o)
 .ARM.attributes
                0x0000000000000161       0x19 /home/marcelle/pebble-dev/PebbleSDK-2.4.1/arm-cs-tools/bin/../lib/gcc/arm-none-eabi/4.7.2/thumb2/libgcc.a(_arm_fixsfsi.o)
 .ARM.attributes
                0x000000000000017a       0x29 /home/marcelle/pebble-dev/PebbleSDK-2.4.1/arm-cs-tools/bin/../lib/gcc/arm-none-eabi/4.7.2/thumb2/crtend.o
 .ARM.attributes
                0x00000000000001a3       0x19 /home/marcelle/pebble-dev/PebbleSDK-2.4.1/arm-cs-tools/bin/../lib/gcc/arm-none-eabi/4.7.2/thumb2/crtn.o

.comment        0x0000000000000000       0x4e
 .comment       0x0000000000000000       0x4e /home/marcelle/pebble-dev/PebbleSDK-2.4.1/arm-cs-tools/bin/../lib/gcc/arm-none-eabi/4.7.2/thumb2/crtbegin.o
                                         0x4f (size before relaxing)
 .comment       0x0000000000000000       0x4f src/main.c.7.o
 .comment       0x0000000000000000       0x4f src/strap/accl.c.7.o
 .comment       0x0000000000000000       0x4f src/strap/strap.c.7.o
 .comment       0x0000000000000000       0x4f appinfo.auto.c.7.o
 .comment       0x0000000000000000       0x4f /home/marcelle/pebble-dev/PebbleSDK-2.4.1/arm-cs-tools/bin/../lib/gcc/arm-none-eabi/4.7.2/thumb2/crtend.o

.debug_info     0x0000000000000000     0x3798
 .debug_info    0x0000000000000000     0x1538 src/main.c.7.o
 .debug_info    0x0000000000001538      0xe34 src/strap/accl.c.7.o
 .debug_info    0x000000000000236c      0xedb src/strap/strap.c.7.o
 .debug_info    0x0000000000003247      0x32c appinfo.auto.c.7.o
 .debug_info    0x0000000000003573       0xb7 /home/marcelle/pebble-dev/PebbleSDK-2.4.1/arm-cs-tools/bin/../lib/gcc/arm-none-eabi/4.7.2/thumb2/libgcc.a(_arm_addsubsf3.o)
 .debug_info    0x000000000000362a       0xb7 /home/marcelle/pebble-dev/PebbleSDK-2.4.1/arm-cs-tools/bin/../lib/gcc/arm-none-eabi/4.7.2/thumb2/libgcc.a(_arm_muldivsf3.o)
 .debug_info    0x00000000000036e1       0xb7 /home/marcelle/pebble-dev/PebbleSDK-2.4.1/arm-cs-tools/bin/../lib/gcc/arm-none-eabi/4.7.2/thumb2/libgcc.a(_arm_fixsfsi.o)

.debug_abbrev   0x0000000000000000      0xb77
 .debug_abbrev  0x0000000000000000      0x42e src/main.c.7.o
 .debug_abbrev  0x000000000000042e      0x2a2 src/strap/accl.c.7.o
 .debug_abbrev  0x00000000000006d0      0x3b7 src/strap/strap.c.7.o
 .debug_abbrev  0x0000000000000a87       0xb4 appinfo.auto.c.7.o
 .debug_abbrev  0x0000000000000b3b       0x14 /home/marcelle/pebble-dev/PebbleSDK-2.4.1/arm-cs-tools/bin/../lib/gcc/arm-none-eabi/4.7.2/thumb2/libgcc.a(_arm_addsubsf3.o)
 .debug_abbrev  0x0000000000000b4f       0x14 /home/marcelle/pebble-dev/PebbleSDK-2.4.1/arm-cs-tools/bin/../lib/gcc/arm-none-eabi/4.7.2/thumb2/libgcc.a(_arm_muldivsf3.o)
 .debug_abbrev  0x0000000000000b63       0x14 /home/marcelle/pebble-dev/PebbleSDK-2.4.1/arm-cs-tools/bin/../lib/gcc/arm-none-eabi/4.7.2/thumb2/libgcc.a(_arm_fixsfsi.o)

.debug_loc      0x0000000000000000      0xd0c
 .debug_loc     0x0000000000000000      0x6cc src/main.c.7.o
 .debug_loc     0x00000000000006cc      0x2c5 src/strap/accl.c.7.o
 .debug_loc     0x0000000000000991      0x37b src/strap/strap.c.7.o

.debug_aranges  0x0000000000000000      0x1d0
 .debug_aranges
                0x0000000000000000       0x80 src/main.c.7.o
 .debug_aranges
                0x0000000000000080       0x58 src/strap/accl.c.7.o
 .debug_aranges
                0x00000000000000d8       0x80 src/strap/strap.c.7.o
 .debug_aranges
                0x0000000000000158       0x18 appinfo.auto.c.7.o
 .debug_aranges
                0x0000000000000170       0x20 /home/marcelle/pebble-dev/PebbleSDK-2.4.1/arm-cs-tools/bin/../lib/gcc/arm-none-eabi/4.7.2/thumb2/libgcc.a(_arm_addsubsf3.o)
 .debug_aranges
                0x0000000000000190       0x20 /home/marcelle/pebble-dev/PebbleSDK-2.4.1/arm-cs-tools/bin/../lib/gcc/arm-none-eabi/4.7.2/thumb2/libgcc.a(_arm_muldivsf3.o)
 .debug_aranges
                0x00000000000001b0       0x20 /home/marcelle/pebble-dev/PebbleSDK-2.4.1/arm-cs-tools/bin/../lib/gcc/arm-none-eabi/4.7.2/thumb2/libgcc.a(_arm_fixsfsi.o)

.debug_ranges   0x0000000000000000      0x278
 .debug_ranges  0x0000000000000000      0x148 src/main.c.7.o
 .debug_ranges  0x0000000000000148       0xa8 src/strap/accl.c.7.o
 .debug_ranges  0x00000000000001f0       0x88 src/strap/strap.c.7.o

.debug_line     0x0000000000000000      0xffc
 .debug_line    0x0000000000000000      0x49a src/main.c.7.o
 .debug_line    0x000000000000049a      0x3f7 src/strap/accl.c.7.o
 .debug_line    0x0000000000000891      0x354 src/strap/strap.c.7.o
 .debug_line    0x0000000000000be5      0x120 appinfo.auto.c.7.o
 .debug_line    0x0000000000000d05      0x128 /home/marcelle/pebble-dev/PebbleSDK-2.4.1/arm-cs-tools/bin/../lib/gcc/arm-none-eabi/4.7.2/thumb2/libgcc.a(_arm_addsubsf3.o)
 .debug_line    0x0000000000000e2d      0x149 /home/marcelle/pebble-dev/PebbleSDK-2.4.1/arm-cs-tools/bin/../lib/gcc/arm-none-eabi/4.7.2/thumb2/libgcc.a(_arm_muldivsf3.o)
 .debug_line    0x0000000000000f76       0x86 /home/marcelle/pebble-dev/PebbleSDK-2.4.1/arm-cs-tools/bin/../lib/gcc/arm-none-eabi/4.7.2/thumb2/libgcc.a(_arm_fixsfsi.o)

.debug_str      0x0000000000000000     0x14d5
 .debug_str     0x0000000000000000      0xa0f src/main.c.7.o
                                        0xaab (size before relaxing)
 .debug_str     0x0000000000000a0f      0x726 src/strap/accl.c.7.o
                                        0x90b (size before relaxing)
 .debug_str     0x0000000000001135      0x228 src/strap/strap.c.7.o
                                        0x7e8 (size before relaxing)
 .debug_str     0x000000000000135d      0x178 appinfo.auto.c.7.o
                                        0x2ac (size before relaxing)

.debug_frame    0x0000000000000000      0x360
 .debug_frame   0x0000000000000000      0x130 src/main.c.7.o
 .debug_frame   0x0000000000000130       0xf0 src/strap/accl.c.7.o
 .debug_frame   0x0000000000000220      0x140 src/strap/strap.c.7.o
